ORIGIN is: /home/user/Downloads/SpotiFLAC/Jazz Dance_ Jazz House _ Cocktail Bar _ Wine Bar, Bow-House
- TRIM TRACK ARTWORK/COVERART TO MATCH 1:1 RATIO  -------------------------

[>>] Processing: /home/user/Downloads/SpotiFLAC/Jazz Dance_ Jazz House _ Cocktail Bar _ Wine Bar, Bow-House/01 DISC/Hotspot.flac
CoverArt - Hotspot.jpg
  [1/3] Title found: Hotspot
  [2/3] Extracting cover art -> original.CoverArt - Hotspot.jpg
  [SKIP] Cover art already 1:1 (2000x2000). Skipping track.

[>>] Processing: /home/user/Downloads/SpotiFLAC/Jazz Dance_ Jazz House _ Cocktail Bar _ Wine Bar, Bow-House/02 DISC/House of Jazz.flac
CoverArt - House of Jazz.jpg
  [1/3] Title found: House of Jazz
  [2/3] Extracting cover art -> original.CoverArt - House of Jazz.jpg
  [SKIP] Cover art already 1:1 (2000x2000). Skipping track.

[>>] Processing: /home/user/Downloads/SpotiFLAC/Jazz Dance_ Jazz House _ Cocktail Bar _ Wine Bar, Bow-House/A New High Fidelity Tripout/Earthlight.flac
CoverArt - Earthlight.jpg
  [1/3] Title found: Earthlight
  [2/3] Extracting cover art -> original.CoverArt - Earthlight.jpg
  [SKIP] Cover art already 1:1 (600x600). Skipping track.

[>>] Processing: /home/user/Downloads/SpotiFLAC/Jazz Dance_ Jazz House _ Cocktail Bar _ Wine Bar, Bow-House/A Night With Robbie Jean/The Fall.flac
CoverArt - The Fall.jpg
  [1/3] Title found: The Fall
  [2/3] Extracting cover art -> original.CoverArt - The Fall.jpg
  [SKIP] Cover art already 1:1 (1000x1000). Skipping track.

[>>] Processing: /home/user/Downloads/SpotiFLAC/Jazz Dance_ Jazz House _ Cocktail Bar _ Wine Bar, Bow-House/Atrium/1515 Broadway.flac
CoverArt - 1515 Broadway.jpg
  [1/3] Title found: 1515 Broadway
  [2/3] Extracting cover art -> original.CoverArt - 1515 Broadway.jpg
  [SKIP] Cover art already 1:1 (2000x2000). Skipping track.

[>>] Processing: /home/user/Downloads/SpotiFLAC/Jazz Dance_ Jazz House _ Cocktail Bar _ Wine Bar, Bow-House/Atrium/Blueprint.flac
CoverArt - Blueprint.jpg
  [1/3] Title found: Blueprint
  [2/3] Extracting cover art -> original.CoverArt - Blueprint.jpg
  [SKIP] Cover art already 1:1 (2000x2000). Skipping track.

[>>] Processing: /home/user/Downloads/SpotiFLAC/Jazz Dance_ Jazz House _ Cocktail Bar _ Wine Bar, Bow-House/Atrium/Multiverse.flac
CoverArt - Multiverse.jpg
  [1/3] Title found: Multiverse
  [2/3] Extracting cover art -> original.CoverArt - Multiverse.jpg
  [SKIP] Cover art already 1:1 (2000x2000). Skipping track.

[>>] Processing: /home/user/Downloads/SpotiFLAC/Jazz Dance_ Jazz House _ Cocktail Bar _ Wine Bar, Bow-House/azahar/azahar.flac
CoverArt - azahar.jpg
  [1/3] Title found: azahar
  [2/3] Extracting cover art -> original.CoverArt - azahar.jpg
  [SKIP] Cover art already 1:1 (1448x1448). Skipping track.

[>>] Processing: /home/user/Downloads/SpotiFLAC/Jazz Dance_ Jazz House _ Cocktail Bar _ Wine Bar, Bow-House/Barcode/Barcode.flac
CoverArt - Barcode.jpg
  [1/3] Title found: Barcode
  [2/3] Extracting cover art -> original.CoverArt - Barcode.jpg
  [SKIP] Cover art already 1:1 (1500x1500). Skipping track.

[>>] Processing: /home/user/Downloads/SpotiFLAC/Jazz Dance_ Jazz House _ Cocktail Bar _ Wine Bar, Bow-House/Beach Party/Beach Party.flac
CoverArt - Beach Party.jpg
  [1/3] Title found: Beach Party
  [2/3] Extracting cover art -> original.CoverArt - Beach Party.jpg
  [SKIP] Cover art already 1:1 (1448x1448). Skipping track.

[>>] Processing: /home/user/Downloads/SpotiFLAC/Jazz Dance_ Jazz House _ Cocktail Bar _ Wine Bar, Bow-House/bianca/bianca.flac
CoverArt - bianca.jpg
  [1/3] Title found: bianca
  [2/3] Extracting cover art -> original.CoverArt - bianca.jpg
  [SKIP] Cover art already 1:1 (2000x2000). Skipping track.

[>>] Processing: /home/user/Downloads/SpotiFLAC/Jazz Dance_ Jazz House _ Cocktail Bar _ Wine Bar, Bow-House/Boat Party/Boat Party.flac
CoverArt - Boat Party.jpg
  [1/3] Title found: Boat Party
  [2/3] Extracting cover art -> original.CoverArt - Boat Party.jpg
  [SKIP] Cover art already 1:1 (2000x2000). Skipping track.

[>>] Processing: /home/user/Downloads/SpotiFLAC/Jazz Dance_ Jazz House _ Cocktail Bar _ Wine Bar, Bow-House/Bodhi/Bodhi.flac
CoverArt - Bodhi.jpg
  [1/3] Title found: Bodhi
  [2/3] Extracting cover art -> original.CoverArt - Bodhi.jpg
  [SKIP] Cover art already 1:1 (1448x1448). Skipping track.

[>>] Processing: /home/user/Downloads/SpotiFLAC/Jazz Dance_ Jazz House _ Cocktail Bar _ Wine Bar, Bow-House/calvera/calvera.flac
CoverArt - calvera.jpg
  [1/3] Title found: calvera
  [2/3] Extracting cover art -> original.CoverArt - calvera.jpg
  [SKIP] Cover art already 1:1 (2000x2000). Skipping track.

[>>] Processing: /home/user/Downloads/SpotiFLAC/Jazz Dance_ Jazz House _ Cocktail Bar _ Wine Bar, Bow-House/Canvas _ Rendezvous/Rendezvous.flac
CoverArt - Rendezvous.jpg
  [1/3] Title found: Rendezvous
  [2/3] Extracting cover art -> original.CoverArt - Rendezvous.jpg
  [SKIP] Cover art already 1:1 (2000x2000). Skipping track.

[>>] Processing: /home/user/Downloads/SpotiFLAC/Jazz Dance_ Jazz House _ Cocktail Bar _ Wine Bar, Bow-House/Caravella EP/Caravella - Edit.flac
CoverArt - Caravella - Edit.jpg
  [1/3] Title found: Caravella - Edit
  [2/3] Extracting cover art -> original.CoverArt - Caravella - Edit.jpg
  [SKIP] Cover art already 1:1 (1000x1000). Skipping track.

[>>] Processing: /home/user/Downloads/SpotiFLAC/Jazz Dance_ Jazz House _ Cocktail Bar _ Wine Bar, Bow-House/Comme Down/Comme Down.flac
CoverArt - Comme Down.jpg
  [1/3] Title found: Comme Down
  [2/3] Extracting cover art -> original.CoverArt - Comme Down.jpg
  [SKIP] Cover art already 1:1 (1400x1400). Skipping track.

[>>] Processing: /home/user/Downloads/SpotiFLAC/Jazz Dance_ Jazz House _ Cocktail Bar _ Wine Bar, Bow-House/concord/concord.flac
CoverArt - concord.jpg
  [1/3] Title found: concord
  [2/3] Extracting cover art -> original.CoverArt - concord.jpg
  [SKIP] Cover art already 1:1 (2000x2000). Skipping track.

[>>] Processing: /home/user/Downloads/SpotiFLAC/Jazz Dance_ Jazz House _ Cocktail Bar _ Wine Bar, Bow-House/Creationflow/Creationflow.flac
CoverArt - Creationflow.jpg
  [1/3] Title found: Creationflow
  [2/3] Extracting cover art -> original.CoverArt - Creationflow.jpg
  [SKIP] Cover art already 1:1 (2000x2000). Skipping track.

[>>] Processing: /home/user/Downloads/SpotiFLAC/Jazz Dance_ Jazz House _ Cocktail Bar _ Wine Bar, Bow-House/Dance/Dance.flac
CoverArt - Dance.jpg
  [1/3] Title found: Dance
  [2/3] Extracting cover art -> original.CoverArt - Dance.jpg
  [SKIP] Cover art already 1:1 (2000x2000). Skipping track.

[>>] Processing: /home/user/Downloads/SpotiFLAC/Jazz Dance_ Jazz House _ Cocktail Bar _ Wine Bar, Bow-House/Dancing in the Jazz Club/Dancing in the Jazz Club.flac
CoverArt - Dancing in the Jazz Club.jpg
  [1/3] Title found: Dancing in the Jazz Club
  [2/3] Extracting cover art -> original.CoverArt - Dancing in the Jazz Club.jpg
  [SKIP] Cover art already 1:1 (1448x1448). Skipping track.

[>>] Processing: /home/user/Downloads/SpotiFLAC/Jazz Dance_ Jazz House _ Cocktail Bar _ Wine Bar, Bow-House/Dazzlin'/Dazzlin'.flac
CoverArt - Dazzlin'.jpg
  [1/3] Title found: Dazzlin'
  [2/3] Extracting cover art -> original.CoverArt - Dazzlin'.jpg
  [SKIP] Cover art already 1:1 (2000x2000). Skipping track.

[>>] Processing: /home/user/Downloads/SpotiFLAC/Jazz Dance_ Jazz House _ Cocktail Bar _ Wine Bar, Bow-House/De Vere/De Vere.flac
CoverArt - De Vere.jpg
  [1/3] Title found: De Vere
  [2/3] Extracting cover art -> original.CoverArt - De Vere.jpg
  [SKIP] Cover art already 1:1 (2000x2000). Skipping track.

[>>] Processing: /home/user/Downloads/SpotiFLAC/Jazz Dance_ Jazz House _ Cocktail Bar _ Wine Bar, Bow-House/Do You Even Care/Do You Even Care.flac
CoverArt - Do You Even Care.jpg
  [1/3] Title found: Do You Even Care
  [2/3] Extracting cover art -> original.CoverArt - Do You Even Care.jpg
  [SKIP] Cover art already 1:1 (2000x2000). Skipping track.

[>>] Processing: /home/user/Downloads/SpotiFLAC/Jazz Dance_ Jazz House _ Cocktail Bar _ Wine Bar, Bow-House/Dreams/Dreams.flac
CoverArt - Dreams.jpg
  [1/3] Title found: Dreams
  [2/3] Extracting cover art -> original.CoverArt - Dreams.jpg
  [SKIP] Cover art already 1:1 (2000x2000). Skipping track.

[>>] Processing: /home/user/Downloads/SpotiFLAC/Jazz Dance_ Jazz House _ Cocktail Bar _ Wine Bar, Bow-House/Dub Off/Dub Off.flac
CoverArt - Dub Off.jpg
  [1/3] Title found: Dub Off
  [2/3] Extracting cover art -> original.CoverArt - Dub Off.jpg
  [SKIP] Cover art already 1:1 (2000x2000). Skipping track.

[>>] Processing: /home/user/Downloads/SpotiFLAC/Jazz Dance_ Jazz House _ Cocktail Bar _ Wine Bar, Bow-House/Dynamite/Dynamite.flac
CoverArt - Dynamite.jpg
  [1/3] Title found: Dynamite
  [2/3] Extracting cover art -> original.CoverArt - Dynamite.jpg
  [SKIP] Cover art already 1:1 (2000x2000). Skipping track.

[>>] Processing: /home/user/Downloads/SpotiFLAC/Jazz Dance_ Jazz House _ Cocktail Bar _ Wine Bar, Bow-House/Echoes/Echoes.flac
CoverArt - Echoes.jpg
  [1/3] Title found: Echoes
  [2/3] Extracting cover art -> original.CoverArt - Echoes.jpg
  [SKIP] Cover art already 1:1 (2000x2000). Skipping track.

[>>] Processing: /home/user/Downloads/SpotiFLAC/Jazz Dance_ Jazz House _ Cocktail Bar _ Wine Bar, Bow-House/Echoes of Miami./Take your time.flac
CoverArt - Take your time..jpg
  [1/3] Title found: Take your time.
  [2/3] Extracting cover art -> original.CoverArt - Take your time..jpg
  [SKIP] Cover art already 1:1 (2000x2000). Skipping track.

[>>] Processing: /home/user/Downloads/SpotiFLAC/Jazz Dance_ Jazz House _ Cocktail Bar _ Wine Bar, Bow-House/Enjoy (Bonus Track)/Enjoy - Bonus Track.flac
CoverArt - Enjoy - Bonus Track.jpg
  [1/3] Title found: Enjoy - Bonus Track
  [2/3] Extracting cover art -> original.CoverArt - Enjoy - Bonus Track.jpg
  [SKIP] Cover art already 1:1 (1448x1448). Skipping track.

[>>] Processing: /home/user/Downloads/SpotiFLAC/Jazz Dance_ Jazz House _ Cocktail Bar _ Wine Bar, Bow-House/Everything/Everything.flac
CoverArt - Everything.jpg
  [1/3] Title found: Everything
  [2/3] Extracting cover art -> original.CoverArt - Everything.jpg
  [SKIP] Cover art already 1:1 (1600x1600). Skipping track.

[>>] Processing: /home/user/Downloads/SpotiFLAC/Jazz Dance_ Jazz House _ Cocktail Bar _ Wine Bar, Bow-House/Feel The Groove/Feel The Groove.flac
CoverArt - Feel The Groove.jpg
  [1/3] Title found: Feel The Groove
  [2/3] Extracting cover art -> original.CoverArt - Feel The Groove.jpg
  [SKIP] Cover art already 1:1 (2000x2000). Skipping track.

[>>] Processing: /home/user/Downloads/SpotiFLAC/Jazz Dance_ Jazz House _ Cocktail Bar _ Wine Bar, Bow-House/fiano/fiano.flac
CoverArt - fiano.jpg
  [1/3] Title found: fiano
  [2/3] Extracting cover art -> original.CoverArt - fiano.jpg
  [SKIP] Cover art already 1:1 (1400x1400). Skipping track.

[>>] Processing: /home/user/Downloads/SpotiFLAC/Jazz Dance_ Jazz House _ Cocktail Bar _ Wine Bar, Bow-House/fiano/merlot.flac
CoverArt - merlot.jpg
  [1/3] Title found: merlot
  [2/3] Extracting cover art -> original.CoverArt - merlot.jpg
  [SKIP] Cover art already 1:1 (1400x1400). Skipping track.

[>>] Processing: /home/user/Downloads/SpotiFLAC/Jazz Dance_ Jazz House _ Cocktail Bar _ Wine Bar, Bow-House/First Class/First Class.flac
CoverArt - First Class.jpg
  [1/3] Title found: First Class
  [2/3] Extracting cover art -> original.CoverArt - First Class.jpg
  [SKIP] Cover art already 1:1 (1448x1448). Skipping track.

[>>] Processing: /home/user/Downloads/SpotiFLAC/Jazz Dance_ Jazz House _ Cocktail Bar _ Wine Bar, Bow-House/Flow/Flow.flac
CoverArt - Flow.jpg
  [1/3] Title found: Flow
  [2/3] Extracting cover art -> original.CoverArt - Flow.jpg
  [SKIP] Cover art already 1:1 (2000x2000). Skipping track.

[>>] Processing: /home/user/Downloads/SpotiFLAC/Jazz Dance_ Jazz House _ Cocktail Bar _ Wine Bar, Bow-House/Forever/Forever.flac
CoverArt - Forever.jpg
  [1/3] Title found: Forever
  [2/3] Extracting cover art -> original.CoverArt - Forever.jpg
  [SKIP] Cover art already 1:1 (1448x1448). Skipping track.

[>>] Processing: /home/user/Downloads/SpotiFLAC/Jazz Dance_ Jazz House _ Cocktail Bar _ Wine Bar, Bow-House/French Lessons/Faubourg Saint-Denis.flac
CoverArt - Faubourg Saint-Denis.jpg
  [1/3] Title found: Faubourg Saint-Denis
  [2/3] Extracting cover art -> original.CoverArt - Faubourg Saint-Denis.jpg
  [SKIP] Cover art already 1:1 (2000x2000). Skipping track.

[>>] Processing: /home/user/Downloads/SpotiFLAC/Jazz Dance_ Jazz House _ Cocktail Bar _ Wine Bar, Bow-House/Furaha/Untitled.flac
CoverArt - Untitled.jpg
  [1/3] Title found: Untitled
  [2/3] Extracting cover art -> original.CoverArt - Untitled.jpg
  [SKIP] Cover art already 1:1 (1400x1400). Skipping track.

[>>] Processing: /home/user/Downloads/SpotiFLAC/Jazz Dance_ Jazz House _ Cocktail Bar _ Wine Bar, Bow-House/Hand On The Torch/Cantaloop (Flip Fantasia).flac
CoverArt - Cantaloop (Flip Fantasia).jpg
  [1/3] Title found: Cantaloop (Flip Fantasia)
  [2/3] Extracting cover art -> original.CoverArt - Cantaloop (Flip Fantasia).jpg
  [SKIP] Cover art already 1:1 (1404x1404). Skipping track.

[>>] Processing: /home/user/Downloads/SpotiFLAC/Jazz Dance_ Jazz House _ Cocktail Bar _ Wine Bar, Bow-House/Hold Up/Hold Up.flac
CoverArt - Hold Up.jpg
  [1/3] Title found: Hold Up
  [2/3] Extracting cover art -> original.CoverArt - Hold Up.jpg
  [SKIP] Cover art already 1:1 (2000x2000). Skipping track.

[>>] Processing: /home/user/Downloads/SpotiFLAC/Jazz Dance_ Jazz House _ Cocktail Bar _ Wine Bar, Bow-House/Ideas/Agua.flac
CoverArt - Agua.jpg
  [1/3] Title found: Agua
  [2/3] Extracting cover art -> original.CoverArt - Agua.jpg
  [SKIP] Cover art already 1:1 (2000x2000). Skipping track.

[>>] Processing: /home/user/Downloads/SpotiFLAC/Jazz Dance_ Jazz House _ Cocktail Bar _ Wine Bar, Bow-House/Ideas/Cache Me If You Can.flac
CoverArt - Cache Me If You Can.jpg
  [1/3] Title found: Cache Me If You Can
  [2/3] Extracting cover art -> original.CoverArt - Cache Me If You Can.jpg
  [SKIP] Cover art already 1:1 (2000x2000). Skipping track.

[>>] Processing: /home/user/Downloads/SpotiFLAC/Jazz Dance_ Jazz House _ Cocktail Bar _ Wine Bar, Bow-House/Ideas/Somna.flac
CoverArt - Somna.jpg
  [1/3] Title found: Somna
  [2/3] Extracting cover art -> original.CoverArt - Somna.jpg
  [SKIP] Cover art already 1:1 (2000x2000). Skipping track.

[>>] Processing: /home/user/Downloads/SpotiFLAC/Jazz Dance_ Jazz House _ Cocktail Bar _ Wine Bar, Bow-House/If you could be anywhere./If you could be anywhere.flac
CoverArt - If you could be anywhere..jpg
  [1/3] Title found: If you could be anywhere.
  [2/3] Extracting cover art -> original.CoverArt - If you could be anywhere..jpg
  [SKIP] Cover art already 1:1 (1500x1500). Skipping track.

[>>] Processing: /home/user/Downloads/SpotiFLAC/Jazz Dance_ Jazz House _ Cocktail Bar _ Wine Bar, Bow-House/intersection/what we think about.flac
CoverArt - what we think about.jpg
  [1/3] Title found: what we think about
  [2/3] Extracting cover art -> original.CoverArt - what we think about.jpg
  [SKIP] Cover art already 1:1 (2000x2000). Skipping track.

[>>] Processing: /home/user/Downloads/SpotiFLAC/Jazz Dance_ Jazz House _ Cocktail Bar _ Wine Bar, Bow-House/Island Flow/Island Flow.flac
CoverArt - Island Flow.jpg
  [1/3] Title found: Island Flow
  [2/3] Extracting cover art -> original.CoverArt - Island Flow.jpg
  [SKIP] Cover art already 1:1 (2000x2000). Skipping track.

[>>] Processing: /home/user/Downloads/SpotiFLAC/Jazz Dance_ Jazz House _ Cocktail Bar _ Wine Bar, Bow-House/Jazz Dance/Breathe.flac
CoverArt - Breathe.jpg
  [1/3] Title found: Breathe
  [2/3] Extracting cover art -> original.CoverArt - Breathe.jpg
  [SKIP] Cover art already 1:1 (2000x2000). Skipping track.

[>>] Processing: /home/user/Downloads/SpotiFLAC/Jazz Dance_ Jazz House _ Cocktail Bar _ Wine Bar, Bow-House/Jazz Dance/Jazz Dance.flac
CoverArt - Jazz Dance.jpg
  [1/3] Title found: Jazz Dance
  [2/3] Extracting cover art -> original.CoverArt - Jazz Dance.jpg
  [SKIP] Cover art already 1:1 (2000x2000). Skipping track.

[>>] Processing: /home/user/Downloads/SpotiFLAC/Jazz Dance_ Jazz House _ Cocktail Bar _ Wine Bar, Bow-House/Jazz Dance/Second Wind.flac
CoverArt - Second Wind.jpg
  [1/3] Title found: Second Wind
  [2/3] Extracting cover art -> original.CoverArt - Second Wind.jpg
  [SKIP] Cover art already 1:1 (2000x2000). Skipping track.

[>>] Processing: /home/user/Downloads/SpotiFLAC/Jazz Dance_ Jazz House _ Cocktail Bar _ Wine Bar, Bow-House/Jazz Dance/Spotlight.flac
CoverArt - Spotlight.jpg
  [1/3] Title found: Spotlight
  [2/3] Extracting cover art -> original.CoverArt - Spotlight.jpg
  [SKIP] Cover art already 1:1 (2000x2000). Skipping track.

[>>] Processing: /home/user/Downloads/SpotiFLAC/Jazz Dance_ Jazz House _ Cocktail Bar _ Wine Bar, Bow-House/jazz is for ordinary people/jazz is for ordinary people.flac
CoverArt - jazz is for ordinary people.jpg
  [1/3] Title found: jazz is for ordinary people
  [2/3] Extracting cover art -> original.CoverArt - jazz is for ordinary people.jpg
  [SKIP] Cover art already 1:1 (2000x2000). Skipping track.

[>>] Processing: /home/user/Downloads/SpotiFLAC/Jazz Dance_ Jazz House _ Cocktail Bar _ Wine Bar, Bow-House/Jazz On Grounds/Jazz On Grounds.flac
CoverArt - Jazz On Grounds.jpg
  [1/3] Title found: Jazz On Grounds
  [2/3] Extracting cover art -> original.CoverArt - Jazz On Grounds.jpg
  [SKIP] Cover art already 1:1 (1448x1448). Skipping track.

[>>] Processing: /home/user/Downloads/SpotiFLAC/Jazz Dance_ Jazz House _ Cocktail Bar _ Wine Bar, Bow-House/Jazzy Cigarette/Jazzy Cigarette.flac
CoverArt - Jazzy Cigarette.jpg
  [1/3] Title found: Jazzy Cigarette
  [2/3] Extracting cover art -> original.CoverArt - Jazzy Cigarette.jpg
  [SKIP] Cover art already 1:1 (2000x2000). Skipping track.

[>>] Processing: /home/user/Downloads/SpotiFLAC/Jazz Dance_ Jazz House _ Cocktail Bar _ Wine Bar, Bow-House/Keep It Unreal/Get A Move On!.flac
CoverArt - Get A Move On!.jpg
  [1/3] Title found: Get A Move On!
  [2/3] Extracting cover art -> original.CoverArt - Get A Move On!.jpg
  [SKIP] Cover art already 1:1 (1551x1551). Skipping track.

[>>] Processing: /home/user/Downloads/SpotiFLAC/Jazz Dance_ Jazz House _ Cocktail Bar _ Wine Bar, Bow-House/Keep On Wiggling/Keep On Wiggling.flac
CoverArt - Keep On Wiggling.jpg
  [1/3] Title found: Keep On Wiggling
  [2/3] Extracting cover art -> original.CoverArt - Keep On Wiggling.jpg
  [SKIP] Cover art already 1:1 (2000x2000). Skipping track.

[>>] Processing: /home/user/Downloads/SpotiFLAC/Jazz Dance_ Jazz House _ Cocktail Bar _ Wine Bar, Bow-House/kosmos/passport picture.flac
CoverArt - passport picture.jpg
  [1/3] Title found: passport picture
  [2/3] Extracting cover art -> original.CoverArt - passport picture.jpg
  [SKIP] Cover art already 1:1 (2000x2000). Skipping track.

[>>] Processing: /home/user/Downloads/SpotiFLAC/Jazz Dance_ Jazz House _ Cocktail Bar _ Wine Bar, Bow-House/La fille du 7e étage/La fille du 7e étage.flac
CoverArt - La fille du 7e étage.jpg
  [1/3] Title found: La fille du 7e étage
  [2/3] Extracting cover art -> original.CoverArt - La fille du 7e étage.jpg
  [SKIP] Cover art already 1:1 (1448x1448). Skipping track.

[>>] Processing: /home/user/Downloads/SpotiFLAC/Jazz Dance_ Jazz House _ Cocktail Bar _ Wine Bar, Bow-House/last dance/last dance.flac
CoverArt - last dance.jpg
  [1/3] Title found: last dance
  [2/3] Extracting cover art -> original.CoverArt - last dance.jpg
  [SKIP] Cover art already 1:1 (2000x2000). Skipping track.

[>>] Processing: /home/user/Downloads/SpotiFLAC/Jazz Dance_ Jazz House _ Cocktail Bar _ Wine Bar, Bow-House/Late Checkout/Late Checkout.flac
CoverArt - Late Checkout.jpg
  [1/3] Title found: Late Checkout
  [2/3] Extracting cover art -> original.CoverArt - Late Checkout.jpg
  [SKIP] Cover art already 1:1 (2000x2000). Skipping track.

[>>] Processing: /home/user/Downloads/SpotiFLAC/Jazz Dance_ Jazz House _ Cocktail Bar _ Wine Bar, Bow-House/Le Cristal/Le Cristal.flac
CoverArt - Le Cristal.jpg
  [1/3] Title found: Le Cristal
  [2/3] Extracting cover art -> original.CoverArt - Le Cristal.jpg
  [SKIP] Cover art already 1:1 (2000x2000). Skipping track.

[>>] Processing: /home/user/Downloads/SpotiFLAC/Jazz Dance_ Jazz House _ Cocktail Bar _ Wine Bar, Bow-House/Let Loose/Let Loose.flac
CoverArt - Let Loose.jpg
  [1/3] Title found: Let Loose
  [2/3] Extracting cover art -> original.CoverArt - Let Loose.jpg
  [SKIP] Cover art already 1:1 (2000x2000). Skipping track.

[>>] Processing: /home/user/Downloads/SpotiFLAC/Jazz Dance_ Jazz House _ Cocktail Bar _ Wine Bar, Bow-House/Love Language/Love Language.flac
CoverArt - Love Language.jpg
  [1/3] Title found: Love Language
  [2/3] Extracting cover art -> original.CoverArt - Love Language.jpg
  [SKIP] Cover art already 1:1 (2000x2000). Skipping track.

[>>] Processing: /home/user/Downloads/SpotiFLAC/Jazz Dance_ Jazz House _ Cocktail Bar _ Wine Bar, Bow-House/Lucas/Easy.flac
CoverArt - Easy.jpg
  [1/3] Title found: Easy
  [2/3] Extracting cover art -> original.CoverArt - Easy.jpg
  [SKIP] Cover art already 1:1 (2000x2000). Skipping track.

[>>] Processing: /home/user/Downloads/SpotiFLAC/Jazz Dance_ Jazz House _ Cocktail Bar _ Wine Bar, Bow-House/Mediterranean Sea/Mediterranean Sea.flac
CoverArt - Mediterranean Sea.jpg
  [1/3] Title found: Mediterranean Sea
  [2/3] Extracting cover art -> original.CoverArt - Mediterranean Sea.jpg
  [SKIP] Cover art already 1:1 (1448x1448). Skipping track.

[>>] Processing: /home/user/Downloads/SpotiFLAC/Jazz Dance_ Jazz House _ Cocktail Bar _ Wine Bar, Bow-House/Meduza/Meduza.flac
CoverArt - Meduza.jpg
  [1/3] Title found: Meduza
  [2/3] Extracting cover art -> original.CoverArt - Meduza.jpg
  [SKIP] Cover art already 1:1 (2000x2000). Skipping track.

[>>] Processing: /home/user/Downloads/SpotiFLAC/Jazz Dance_ Jazz House _ Cocktail Bar _ Wine Bar, Bow-House/Midnight Drift/Midnight Drift.flac
CoverArt - Midnight Drift.jpg
  [1/3] Title found: Midnight Drift
  [2/3] Extracting cover art -> original.CoverArt - Midnight Drift.jpg
  [SKIP] Cover art already 1:1 (2000x2000). Skipping track.

[>>] Processing: /home/user/Downloads/SpotiFLAC/Jazz Dance_ Jazz House _ Cocktail Bar _ Wine Bar, Bow-House/mirage/mirage.flac
CoverArt - mirage.jpg
  [1/3] Title found: mirage
  [2/3] Extracting cover art -> original.CoverArt - mirage.jpg
  [SKIP] Cover art already 1:1 (1448x1448). Skipping track.

[>>] Processing: /home/user/Downloads/SpotiFLAC/Jazz Dance_ Jazz House _ Cocktail Bar _ Wine Bar, Bow-House/Missing u/Missing u.flac
CoverArt - Missing u.jpg
  [1/3] Title found: Missing u
  [2/3] Extracting cover art -> original.CoverArt - Missing u.jpg
  [SKIP] Cover art already 1:1 (2000x2000). Skipping track.

[>>] Processing: /home/user/Downloads/SpotiFLAC/Jazz Dance_ Jazz House _ Cocktail Bar _ Wine Bar, Bow-House/Moons/Moons.flac
CoverArt - Moons.jpg
  [1/3] Title found: Moons
  [2/3] Extracting cover art -> original.CoverArt - Moons.jpg
  [SKIP] Cover art already 1:1 (2000x2000). Skipping track.

[>>] Processing: /home/user/Downloads/SpotiFLAC/Jazz Dance_ Jazz House _ Cocktail Bar _ Wine Bar, Bow-House/more butter/more butter.flac
CoverArt - more butter.jpg
  [1/3] Title found: more butter
  [2/3] Extracting cover art -> original.CoverArt - more butter.jpg
  [SKIP] Cover art already 1:1 (2000x2000). Skipping track.

[>>] Processing: /home/user/Downloads/SpotiFLAC/Jazz Dance_ Jazz House _ Cocktail Bar _ Wine Bar, Bow-House/Morning Sun _ Caribbean Lights/Morning Sun.flac
CoverArt - Morning Sun.jpg
  [1/3] Title found: Morning Sun
  [2/3] Extracting cover art -> original.CoverArt - Morning Sun.jpg
  [SKIP] Cover art already 1:1 (2000x2000). Skipping track.

[>>] Processing: /home/user/Downloads/SpotiFLAC/Jazz Dance_ Jazz House _ Cocktail Bar _ Wine Bar, Bow-House/Nectar/CPH.flac
CoverArt - CPH.jpg
  [1/3] Title found: CPH
  [2/3] Extracting cover art -> original.CoverArt - CPH.jpg
  [SKIP] Cover art already 1:1 (2000x2000). Skipping track.

[>>] Processing: /home/user/Downloads/SpotiFLAC/Jazz Dance_ Jazz House _ Cocktail Bar _ Wine Bar, Bow-House/Nektar/Nektar.flac
CoverArt - Nektar.jpg
  [1/3] Title found: Nektar
  [2/3] Extracting cover art -> original.CoverArt - Nektar.jpg
  [SKIP] Cover art already 1:1 (1448x1448). Skipping track.

[>>] Processing: /home/user/Downloads/SpotiFLAC/Jazz Dance_ Jazz House _ Cocktail Bar _ Wine Bar, Bow-House/Never Stop/Never Stop.flac
CoverArt - Never Stop.jpg
  [1/3] Title found: Never Stop
  [2/3] Extracting cover art -> original.CoverArt - Never Stop.jpg
  [SKIP] Cover art already 1:1 (1448x1448). Skipping track.

[>>] Processing: /home/user/Downloads/SpotiFLAC/Jazz Dance_ Jazz House _ Cocktail Bar _ Wine Bar, Bow-House/Night Vision/Night Vision.flac
CoverArt - Night Vision.jpg
  [1/3] Title found: Night Vision
  [2/3] Extracting cover art -> original.CoverArt - Night Vision.jpg
  [SKIP] Cover art already 1:1 (2000x2000). Skipping track.

[>>] Processing: /home/user/Downloads/SpotiFLAC/Jazz Dance_ Jazz House _ Cocktail Bar _ Wine Bar, Bow-House/Noir/Noir.flac
CoverArt - Noir.jpg
  [1/3] Title found: Noir
  [2/3] Extracting cover art -> original.CoverArt - Noir.jpg
  [SKIP] Cover art already 1:1 (1448x1448). Skipping track.

[>>] Processing: /home/user/Downloads/SpotiFLAC/Jazz Dance_ Jazz House _ Cocktail Bar _ Wine Bar, Bow-House/nyc in 1940/nyc in 1940.flac
CoverArt - nyc in 1940.jpg
  [1/3] Title found: nyc in 1940
  [2/3] Extracting cover art -> original.CoverArt - nyc in 1940.jpg
  [SKIP] Cover art already 1:1 (2000x2000). Skipping track.

[>>] Processing: /home/user/Downloads/SpotiFLAC/Jazz Dance_ Jazz House _ Cocktail Bar _ Wine Bar, Bow-House/On & On/On & On.flac
CoverArt - On & On.jpg
  [1/3] Title found: On & On
  [2/3] Extracting cover art -> original.CoverArt - On & On.jpg
  [SKIP] Cover art already 1:1 (2000x2000). Skipping track.

[>>] Processing: /home/user/Downloads/SpotiFLAC/Jazz Dance_ Jazz House _ Cocktail Bar _ Wine Bar, Bow-House/Oyster Jam/Oyster Jam.flac
CoverArt - Oyster Jam.jpg
  [1/3] Title found: Oyster Jam
  [2/3] Extracting cover art -> original.CoverArt - Oyster Jam.jpg
  [SKIP] Cover art already 1:1 (2000x2000). Skipping track.

[>>] Processing: /home/user/Downloads/SpotiFLAC/Jazz Dance_ Jazz House _ Cocktail Bar _ Wine Bar, Bow-House/Pascal/Pascal.flac
CoverArt - Pascal.jpg
  [1/3] Title found: Pascal
  [2/3] Extracting cover art -> original.CoverArt - Pascal.jpg
  [SKIP] Cover art already 1:1 (2000x2000). Skipping track.

[>>] Processing: /home/user/Downloads/SpotiFLAC/Jazz Dance_ Jazz House _ Cocktail Bar _ Wine Bar, Bow-House/Petrichor/Petrichor.flac
CoverArt - Petrichor.jpg
  [1/3] Title found: Petrichor
  [2/3] Extracting cover art -> original.CoverArt - Petrichor.jpg
  [SKIP] Cover art already 1:1 (1448x1448). Skipping track.

[>>] Processing: /home/user/Downloads/SpotiFLAC/Jazz Dance_ Jazz House _ Cocktail Bar _ Wine Bar, Bow-House/Prism _ Resonance/Prism.flac
CoverArt - Prism.jpg
  [1/3] Title found: Prism
  [2/3] Extracting cover art -> original.CoverArt - Prism.jpg
  [SKIP] Cover art already 1:1 (2000x2000). Skipping track.

[>>] Processing: /home/user/Downloads/SpotiFLAC/Jazz Dance_ Jazz House _ Cocktail Bar _ Wine Bar, Bow-House/Red Wine/Red Wine.flac
CoverArt - Red Wine.jpg
  [1/3] Title found: Red Wine
  [2/3] Extracting cover art -> original.CoverArt - Red Wine.jpg
  [SKIP] Cover art already 1:1 (2000x2000). Skipping track.

[>>] Processing: /home/user/Downloads/SpotiFLAC/Jazz Dance_ Jazz House _ Cocktail Bar _ Wine Bar, Bow-House/Rendez-vous/Rendez-vous.flac
CoverArt - Rendez-vous.jpg
  [1/3] Title found: Rendez-vous
  [2/3] Extracting cover art -> original.CoverArt - Rendez-vous.jpg
  [SKIP] Cover art already 1:1 (1600x1600). Skipping track.

[>>] Processing: /home/user/Downloads/SpotiFLAC/Jazz Dance_ Jazz House _ Cocktail Bar _ Wine Bar, Bow-House/roma to paris to jozi/roma to paris to jozi.flac
CoverArt - roma to paris to jozi.jpg
  [1/3] Title found: roma to paris to jozi
  [2/3] Extracting cover art -> original.CoverArt - roma to paris to jozi.jpg
  [SKIP] Cover art already 1:1 (1448x1448). Skipping track.

[>>] Processing: /home/user/Downloads/SpotiFLAC/Jazz Dance_ Jazz House _ Cocktail Bar _ Wine Bar, Bow-House/saudade/saudade.flac
CoverArt - saudade.jpg
  [1/3] Title found: saudade
  [2/3] Extracting cover art -> original.CoverArt - saudade.jpg
  [SKIP] Cover art already 1:1 (2000x2000). Skipping track.

[>>] Processing: /home/user/Downloads/SpotiFLAC/Jazz Dance_ Jazz House _ Cocktail Bar _ Wine Bar, Bow-House/séduction/séduction.flac
CoverArt - séduction.jpg
  [1/3] Title found: séduction
  [2/3] Extracting cover art -> original.CoverArt - séduction.jpg
  [SKIP] Cover art already 1:1 (2000x2000). Skipping track.

[>>] Processing: /home/user/Downloads/SpotiFLAC/Jazz Dance_ Jazz House _ Cocktail Bar _ Wine Bar, Bow-House/Silky, Buttery, Smooth/Silky, Buttery, Smooth.flac
CoverArt - Silky, Buttery, Smooth.jpg
  [1/3] Title found: Silky, Buttery, Smooth
  [2/3] Extracting cover art -> original.CoverArt - Silky, Buttery, Smooth.jpg
  [SKIP] Cover art already 1:1 (2000x2000). Skipping track.

[>>] Processing: /home/user/Downloads/SpotiFLAC/Jazz Dance_ Jazz House _ Cocktail Bar _ Wine Bar, Bow-House/Skylight/Skylight.flac
CoverArt - Skylight.jpg
  [1/3] Title found: Skylight
  [2/3] Extracting cover art -> original.CoverArt - Skylight.jpg
  [SKIP] Cover art already 1:1 (1448x1448). Skipping track.

[>>] Processing: /home/user/Downloads/SpotiFLAC/Jazz Dance_ Jazz House _ Cocktail Bar _ Wine Bar, Bow-House/Soft Love/Soft Love.flac
CoverArt - Soft Love.jpg
  [1/3] Title found: Soft Love
  [2/3] Extracting cover art -> original.CoverArt - Soft Love.jpg
  [SKIP] Cover art already 1:1 (1400x1400). Skipping track.

[>>] Processing: /home/user/Downloads/SpotiFLAC/Jazz Dance_ Jazz House _ Cocktail Bar _ Wine Bar, Bow-House/Soir/Soir.flac
CoverArt - Soir.jpg
  [1/3] Title found: Soir
  [2/3] Extracting cover art -> original.CoverArt - Soir.jpg
  [SKIP] Cover art already 1:1 (1448x1448). Skipping track.

[>>] Processing: /home/user/Downloads/SpotiFLAC/Jazz Dance_ Jazz House _ Cocktail Bar _ Wine Bar, Bow-House/Solar Winds/Solar Winds.flac
CoverArt - Solar Winds.jpg
  [1/3] Title found: Solar Winds
  [2/3] Extracting cover art -> original.CoverArt - Solar Winds.jpg
  [SKIP] Cover art already 1:1 (2000x2000). Skipping track.

[>>] Processing: /home/user/Downloads/SpotiFLAC/Jazz Dance_ Jazz House _ Cocktail Bar _ Wine Bar, Bow-House/St. Germain/St. Germain.flac
CoverArt - St. Germain.jpg
  [1/3] Title found: St. Germain
  [2/3] Extracting cover art -> original.CoverArt - St. Germain.jpg
  [SKIP] Cover art already 1:1 (2000x2000). Skipping track.

[>>] Processing: /home/user/Downloads/SpotiFLAC/Jazz Dance_ Jazz House _ Cocktail Bar _ Wine Bar, Bow-House/Straight Foxin' LP/All I Do.flac
CoverArt - All I Do.jpg
  [1/3] Title found: All I Do
  [2/3] Extracting cover art -> original.CoverArt - All I Do.jpg
  [SKIP] Cover art already 1:1 (2000x2000). Skipping track.

[>>] Processing: /home/user/Downloads/SpotiFLAC/Jazz Dance_ Jazz House _ Cocktail Bar _ Wine Bar, Bow-House/Sun in an Empty Room/Sun in an Empty Room.flac
CoverArt - Sun in an Empty Room.jpg
  [1/3] Title found: Sun in an Empty Room
  [2/3] Extracting cover art -> original.CoverArt - Sun in an Empty Room.jpg
  [SKIP] Cover art already 1:1 (1448x1448). Skipping track.

[>>] Processing: /home/user/Downloads/SpotiFLAC/Jazz Dance_ Jazz House _ Cocktail Bar _ Wine Bar, Bow-House/Sunset Ballad/Sunset Ballad.flac
CoverArt - Sunset Ballad.jpg
  [1/3] Title found: Sunset Ballad
  [2/3] Extracting cover art -> original.CoverArt - Sunset Ballad.jpg
  [SKIP] Cover art already 1:1 (2000x2000). Skipping track.

[>>] Processing: /home/user/Downloads/SpotiFLAC/Jazz Dance_ Jazz House _ Cocktail Bar _ Wine Bar, Bow-House/Tales of Dancing Waters/Quali Kalimba.flac
CoverArt - Quali Kalimba.jpg
  [1/3] Title found: Quali Kalimba
  [2/3] Extracting cover art -> original.CoverArt - Quali Kalimba.jpg
  [SKIP] Cover art already 1:1 (2000x2000). Skipping track.

[>>] Processing: /home/user/Downloads/SpotiFLAC/Jazz Dance_ Jazz House _ Cocktail Bar _ Wine Bar, Bow-House/Tess/Tess.flac
CoverArt - Tess.jpg
  [1/3] Title found: Tess
  [2/3] Extracting cover art -> original.CoverArt - Tess.jpg
  [SKIP] Cover art already 1:1 (2000x2000). Skipping track.

[>>] Processing: /home/user/Downloads/SpotiFLAC/Jazz Dance_ Jazz House _ Cocktail Bar _ Wine Bar, Bow-House/@ tha jazz club/@ tha jazz club.flac
CoverArt - @ tha jazz club.jpg
  [1/3] Title found: @ tha jazz club
  [2/3] Extracting cover art -> original.CoverArt - @ tha jazz club.jpg
  [SKIP] Cover art already 1:1 (2000x2000). Skipping track.

[>>] Processing: /home/user/Downloads/SpotiFLAC/Jazz Dance_ Jazz House _ Cocktail Bar _ Wine Bar, Bow-House/The Color of Sound/A Day In Zanzibar.flac
CoverArt - A Day In Zanzibar.jpg
  [1/3] Title found: A Day In Zanzibar
  [2/3] Extracting cover art -> original.CoverArt - A Day In Zanzibar.jpg
  [SKIP] Cover art already 1:1 (2000x2000). Skipping track.

[>>] Processing: /home/user/Downloads/SpotiFLAC/Jazz Dance_ Jazz House _ Cocktail Bar _ Wine Bar, Bow-House/The Haunted House of House/Good Intentions - LP Mix.flac
CoverArt - Good Intentions - LP Mix.jpg
  [1/3] Title found: Good Intentions - LP Mix
  [2/3] Extracting cover art -> original.CoverArt - Good Intentions - LP Mix.jpg
  [SKIP] Cover art already 1:1 (2000x2000). Skipping track.

[>>] Processing: /home/user/Downloads/SpotiFLAC/Jazz Dance_ Jazz House _ Cocktail Bar _ Wine Bar, Bow-House/The Jazz is Fine/The Jazz is Fine.flac
CoverArt - The Jazz is Fine.jpg
  [1/3] Title found: The Jazz is Fine
  [2/3] Extracting cover art -> original.CoverArt - The Jazz is Fine.jpg
  [SKIP] Cover art already 1:1 (2000x2000). Skipping track.

[>>] Processing: /home/user/Downloads/SpotiFLAC/Jazz Dance_ Jazz House _ Cocktail Bar _ Wine Bar, Bow-House/Touch (Aguava Remix)/Touch - Aguava Remix.flac
CoverArt - Touch - Aguava Remix.jpg
  [1/3] Title found: Touch - Aguava Remix
  [2/3] Extracting cover art -> original.CoverArt - Touch - Aguava Remix.jpg
  [SKIP] Cover art already 1:1 (2000x2000). Skipping track.

[>>] Processing: /home/user/Downloads/SpotiFLAC/Jazz Dance_ Jazz House _ Cocktail Bar _ Wine Bar, Bow-House/Turtle Jazz/Turtle Jazz.flac
CoverArt - Turtle Jazz.jpg
  [1/3] Title found: Turtle Jazz
  [2/3] Extracting cover art -> original.CoverArt - Turtle Jazz.jpg
  [SKIP] Cover art already 1:1 (2000x2000). Skipping track.

[>>] Processing: /home/user/Downloads/SpotiFLAC/Jazz Dance_ Jazz House _ Cocktail Bar _ Wine Bar, Bow-House/Une Nuit À La Cour EP/Une Nuit À La Cour - Edit.flac
CoverArt - Une Nuit À La Cour - Edit.jpg
  [1/3] Title found: Une Nuit À La Cour - Edit
  [2/3] Extracting cover art -> original.CoverArt - Une Nuit À La Cour - Edit.jpg
  [SKIP] Cover art already 1:1 (1400x1400). Skipping track.

[>>] Processing: /home/user/Downloads/SpotiFLAC/Jazz Dance_ Jazz House _ Cocktail Bar _ Wine Bar, Bow-House/Uptown Social Club/Cooking Sunday.flac
CoverArt - Cooking Sunday.jpg
  [1/3] Title found: Cooking Sunday
  [2/3] Extracting cover art -> original.CoverArt - Cooking Sunday.jpg
  [SKIP] Cover art already 1:1 (2000x2000). Skipping track.

[>>] Processing: /home/user/Downloads/SpotiFLAC/Jazz Dance_ Jazz House _ Cocktail Bar _ Wine Bar, Bow-House/Up To You/Up To You.flac
CoverArt - Up To You.jpg
  [1/3] Title found: Up To You
  [2/3] Extracting cover art -> original.CoverArt - Up To You.jpg
  [SKIP] Cover art already 1:1 (2000x2000). Skipping track.

[>>] Processing: /home/user/Downloads/SpotiFLAC/Jazz Dance_ Jazz House _ Cocktail Bar _ Wine Bar, Bow-House/Useless, pt. 1/Robin's jam.flac
CoverArt - Robin's jam.jpg
  [1/3] Title found: Robin's jam
  [2/3] Extracting cover art -> original.CoverArt - Robin's jam.jpg
  [SKIP] Cover art already 1:1 (2000x2000). Skipping track.

[>>] Processing: /home/user/Downloads/SpotiFLAC/Jazz Dance_ Jazz House _ Cocktail Bar _ Wine Bar, Bow-House/Velvet/Velvet.flac
CoverArt - Velvet.jpg
  [1/3] Title found: Velvet
  [2/3] Extracting cover art -> original.CoverArt - Velvet.jpg
  [SKIP] Cover art already 1:1 (1448x1448). Skipping track.

[>>] Processing: /home/user/Downloads/SpotiFLAC/Jazz Dance_ Jazz House _ Cocktail Bar _ Wine Bar, Bow-House/Viceral/Viceral.flac
CoverArt - Viceral.jpg
  [1/3] Title found: Viceral
  [2/3] Extracting cover art -> original.CoverArt - Viceral.jpg
  [SKIP] Cover art already 1:1 (2000x2000). Skipping track.

[>>] Processing: /home/user/Downloads/SpotiFLAC/Jazz Dance_ Jazz House _ Cocktail Bar _ Wine Bar, Bow-House/what i remember of san francisco/what i remember of san francisco.flac
CoverArt - what i remember of san francisco.jpg
  [1/3] Title found: what i remember of san francisco
  [2/3] Extracting cover art -> original.CoverArt - what i remember of san francisco.jpg
  [SKIP] Cover art already 1:1 (1448x1448). Skipping track.

[>>] Processing: /home/user/Downloads/SpotiFLAC/Jazz Dance_ Jazz House _ Cocktail Bar _ Wine Bar, Bow-House/When Lagos Sleeps/Metric Rules.flac
CoverArt - Metric Rules.jpg
  [1/3] Title found: Metric Rules
  [2/3] Extracting cover art -> original.CoverArt - Metric Rules.jpg
  [SKIP] Cover art already 1:1 (1500x1500). Skipping track.
Cleaning up residues. 
- Done! -------------------------------------------------------
- ADD UNSET ALBUM NAME METADATA BASED ON TITLE -------------------------
[SKIP] Álbum já definido: '01 DISC' → /home/user/Downloads/SpotiFLAC/Jazz Dance_ Jazz House _ Cocktail Bar _ Wine Bar, Bow-House/01 DISC/Hotspot.flac
[SKIP] Álbum já definido: '02 DISC' → /home/user/Downloads/SpotiFLAC/Jazz Dance_ Jazz House _ Cocktail Bar _ Wine Bar, Bow-House/02 DISC/House of Jazz.flac
[SKIP] Álbum já definido: 'A New High Fidelity Tripout' → /home/user/Downloads/SpotiFLAC/Jazz Dance_ Jazz House _ Cocktail Bar _ Wine Bar, Bow-House/A New High Fidelity Tripout/Earthlight.flac
[SKIP] Álbum já definido: 'A Night With Robbie Jean' → /home/user/Downloads/SpotiFLAC/Jazz Dance_ Jazz House _ Cocktail Bar _ Wine Bar, Bow-House/A Night With Robbie Jean/The Fall.flac
[SKIP] Álbum já definido: 'Atrium' → /home/user/Downloads/SpotiFLAC/Jazz Dance_ Jazz House _ Cocktail Bar _ Wine Bar, Bow-House/Atrium/1515 Broadway.flac
[SKIP] Álbum já definido: 'Atrium' → /home/user/Downloads/SpotiFLAC/Jazz Dance_ Jazz House _ Cocktail Bar _ Wine Bar, Bow-House/Atrium/Blueprint.flac
[SKIP] Álbum já definido: 'Atrium' → /home/user/Downloads/SpotiFLAC/Jazz Dance_ Jazz House _ Cocktail Bar _ Wine Bar, Bow-House/Atrium/Multiverse.flac
[SKIP] Álbum já definido: 'azahar' → /home/user/Downloads/SpotiFLAC/Jazz Dance_ Jazz House _ Cocktail Bar _ Wine Bar, Bow-House/azahar/azahar.flac
[SKIP] Álbum já definido: 'Barcode' → /home/user/Downloads/SpotiFLAC/Jazz Dance_ Jazz House _ Cocktail Bar _ Wine Bar, Bow-House/Barcode/Barcode.flac
[SKIP] Álbum já definido: 'Beach Party' → /home/user/Downloads/SpotiFLAC/Jazz Dance_ Jazz House _ Cocktail Bar _ Wine Bar, Bow-House/Beach Party/Beach Party.flac
[SKIP] Álbum já definido: 'bianca' → /home/user/Downloads/SpotiFLAC/Jazz Dance_ Jazz House _ Cocktail Bar _ Wine Bar, Bow-House/bianca/bianca.flac
[SKIP] Álbum já definido: 'Boat Party' → /home/user/Downloads/SpotiFLAC/Jazz Dance_ Jazz House _ Cocktail Bar _ Wine Bar, Bow-House/Boat Party/Boat Party.flac
[SKIP] Álbum já definido: 'Bodhi' → /home/user/Downloads/SpotiFLAC/Jazz Dance_ Jazz House _ Cocktail Bar _ Wine Bar, Bow-House/Bodhi/Bodhi.flac
[SKIP] Álbum já definido: 'calvera' → /home/user/Downloads/SpotiFLAC/Jazz Dance_ Jazz House _ Cocktail Bar _ Wine Bar, Bow-House/calvera/calvera.flac
[SKIP] Álbum já definido: 'Canvas / Rendezvous' → /home/user/Downloads/SpotiFLAC/Jazz Dance_ Jazz House _ Cocktail Bar _ Wine Bar, Bow-House/Canvas _ Rendezvous/Rendezvous.flac
[SKIP] Álbum já definido: 'Caravella EP' → /home/user/Downloads/SpotiFLAC/Jazz Dance_ Jazz House _ Cocktail Bar _ Wine Bar, Bow-House/Caravella EP/Caravella - Edit.flac
[SKIP] Álbum já definido: 'Comme Down' → /home/user/Downloads/SpotiFLAC/Jazz Dance_ Jazz House _ Cocktail Bar _ Wine Bar, Bow-House/Comme Down/Comme Down.flac
[SKIP] Álbum já definido: 'concord' → /home/user/Downloads/SpotiFLAC/Jazz Dance_ Jazz House _ Cocktail Bar _ Wine Bar, Bow-House/concord/concord.flac
[SKIP] Álbum já definido: 'Creationflow' → /home/user/Downloads/SpotiFLAC/Jazz Dance_ Jazz House _ Cocktail Bar _ Wine Bar, Bow-House/Creationflow/Creationflow.flac
[SKIP] Álbum já definido: 'Dance' → /home/user/Downloads/SpotiFLAC/Jazz Dance_ Jazz House _ Cocktail Bar _ Wine Bar, Bow-House/Dance/Dance.flac
[SKIP] Álbum já definido: 'Dancing in the Jazz Club' → /home/user/Downloads/SpotiFLAC/Jazz Dance_ Jazz House _ Cocktail Bar _ Wine Bar, Bow-House/Dancing in the Jazz Club/Dancing in the Jazz Club.flac
[SKIP] Álbum já definido: 'Dazzlin'' → /home/user/Downloads/SpotiFLAC/Jazz Dance_ Jazz House _ Cocktail Bar _ Wine Bar, Bow-House/Dazzlin'/Dazzlin'.flac
[SKIP] Álbum já definido: 'De Vere' → /home/user/Downloads/SpotiFLAC/Jazz Dance_ Jazz House _ Cocktail Bar _ Wine Bar, Bow-House/De Vere/De Vere.flac
[SKIP] Álbum já definido: 'Do You Even Care' → /home/user/Downloads/SpotiFLAC/Jazz Dance_ Jazz House _ Cocktail Bar _ Wine Bar, Bow-House/Do You Even Care/Do You Even Care.flac
[SKIP] Álbum já definido: 'Dreams' → /home/user/Downloads/SpotiFLAC/Jazz Dance_ Jazz House _ Cocktail Bar _ Wine Bar, Bow-House/Dreams/Dreams.flac
[SKIP] Álbum já definido: 'Dub Off' → /home/user/Downloads/SpotiFLAC/Jazz Dance_ Jazz House _ Cocktail Bar _ Wine Bar, Bow-House/Dub Off/Dub Off.flac
[SKIP] Álbum já definido: 'Dynamite' → /home/user/Downloads/SpotiFLAC/Jazz Dance_ Jazz House _ Cocktail Bar _ Wine Bar, Bow-House/Dynamite/Dynamite.flac
[SKIP] Álbum já definido: 'Echoes' → /home/user/Downloads/SpotiFLAC/Jazz Dance_ Jazz House _ Cocktail Bar _ Wine Bar, Bow-House/Echoes/Echoes.flac
[SKIP] Álbum já definido: 'Echoes of Miami.' → /home/user/Downloads/SpotiFLAC/Jazz Dance_ Jazz House _ Cocktail Bar _ Wine Bar, Bow-House/Echoes of Miami./Take your time.flac
[SKIP] Álbum já definido: 'Enjoy (Bonus Track)' → /home/user/Downloads/SpotiFLAC/Jazz Dance_ Jazz House _ Cocktail Bar _ Wine Bar, Bow-House/Enjoy (Bonus Track)/Enjoy - Bonus Track.flac
[SKIP] Álbum já definido: 'Everything' → /home/user/Downloads/SpotiFLAC/Jazz Dance_ Jazz House _ Cocktail Bar _ Wine Bar, Bow-House/Everything/Everything.flac
[SKIP] Álbum já definido: 'Feel The Groove' → /home/user/Downloads/SpotiFLAC/Jazz Dance_ Jazz House _ Cocktail Bar _ Wine Bar, Bow-House/Feel The Groove/Feel The Groove.flac
[SKIP] Álbum já definido: 'fiano' → /home/user/Downloads/SpotiFLAC/Jazz Dance_ Jazz House _ Cocktail Bar _ Wine Bar, Bow-House/fiano/fiano.flac
[SKIP] Álbum já definido: 'fiano' → /home/user/Downloads/SpotiFLAC/Jazz Dance_ Jazz House _ Cocktail Bar _ Wine Bar, Bow-House/fiano/merlot.flac
[SKIP] Álbum já definido: 'First Class' → /home/user/Downloads/SpotiFLAC/Jazz Dance_ Jazz House _ Cocktail Bar _ Wine Bar, Bow-House/First Class/First Class.flac
[SKIP] Álbum já definido: 'Flow' → /home/user/Downloads/SpotiFLAC/Jazz Dance_ Jazz House _ Cocktail Bar _ Wine Bar, Bow-House/Flow/Flow.flac
[SKIP] Álbum já definido: 'Forever' → /home/user/Downloads/SpotiFLAC/Jazz Dance_ Jazz House _ Cocktail Bar _ Wine Bar, Bow-House/Forever/Forever.flac
[SKIP] Álbum já definido: 'French Lessons' → /home/user/Downloads/SpotiFLAC/Jazz Dance_ Jazz House _ Cocktail Bar _ Wine Bar, Bow-House/French Lessons/Faubourg Saint-Denis.flac
[SKIP] Álbum já definido: 'Furaha' → /home/user/Downloads/SpotiFLAC/Jazz Dance_ Jazz House _ Cocktail Bar _ Wine Bar, Bow-House/Furaha/Untitled.flac
[SKIP] Álbum já definido: 'Hand On The Torch' → /home/user/Downloads/SpotiFLAC/Jazz Dance_ Jazz House _ Cocktail Bar _ Wine Bar, Bow-House/Hand On The Torch/Cantaloop (Flip Fantasia).flac
[SKIP] Álbum já definido: 'Hold Up' → /home/user/Downloads/SpotiFLAC/Jazz Dance_ Jazz House _ Cocktail Bar _ Wine Bar, Bow-House/Hold Up/Hold Up.flac
[SKIP] Álbum já definido: 'Ideas' → /home/user/Downloads/SpotiFLAC/Jazz Dance_ Jazz House _ Cocktail Bar _ Wine Bar, Bow-House/Ideas/Agua.flac
[SKIP] Álbum já definido: 'Ideas' → /home/user/Downloads/SpotiFLAC/Jazz Dance_ Jazz House _ Cocktail Bar _ Wine Bar, Bow-House/Ideas/Cache Me If You Can.flac
[SKIP] Álbum já definido: 'Ideas' → /home/user/Downloads/SpotiFLAC/Jazz Dance_ Jazz House _ Cocktail Bar _ Wine Bar, Bow-House/Ideas/Somna.flac
[SKIP] Álbum já definido: 'If you could be anywhere.' → /home/user/Downloads/SpotiFLAC/Jazz Dance_ Jazz House _ Cocktail Bar _ Wine Bar, Bow-House/If you could be anywhere./If you could be anywhere.flac
[SKIP] Álbum já definido: 'intersection' → /home/user/Downloads/SpotiFLAC/Jazz Dance_ Jazz House _ Cocktail Bar _ Wine Bar, Bow-House/intersection/what we think about.flac
[SKIP] Álbum já definido: 'Island Flow' → /home/user/Downloads/SpotiFLAC/Jazz Dance_ Jazz House _ Cocktail Bar _ Wine Bar, Bow-House/Island Flow/Island Flow.flac
[SKIP] Álbum já definido: 'Jazz Dance' → /home/user/Downloads/SpotiFLAC/Jazz Dance_ Jazz House _ Cocktail Bar _ Wine Bar, Bow-House/Jazz Dance/Breathe.flac
[SKIP] Álbum já definido: 'Jazz Dance' → /home/user/Downloads/SpotiFLAC/Jazz Dance_ Jazz House _ Cocktail Bar _ Wine Bar, Bow-House/Jazz Dance/Jazz Dance.flac
[SKIP] Álbum já definido: 'Jazz Dance' → /home/user/Downloads/SpotiFLAC/Jazz Dance_ Jazz House _ Cocktail Bar _ Wine Bar, Bow-House/Jazz Dance/Second Wind.flac
[SKIP] Álbum já definido: 'Jazz Dance' → /home/user/Downloads/SpotiFLAC/Jazz Dance_ Jazz House _ Cocktail Bar _ Wine Bar, Bow-House/Jazz Dance/Spotlight.flac
[SKIP] Álbum já definido: 'jazz is for ordinary people' → /home/user/Downloads/SpotiFLAC/Jazz Dance_ Jazz House _ Cocktail Bar _ Wine Bar, Bow-House/jazz is for ordinary people/jazz is for ordinary people.flac
[SKIP] Álbum já definido: 'Jazz On Grounds' → /home/user/Downloads/SpotiFLAC/Jazz Dance_ Jazz House _ Cocktail Bar _ Wine Bar, Bow-House/Jazz On Grounds/Jazz On Grounds.flac
[SKIP] Álbum já definido: 'Jazzy Cigarette' → /home/user/Downloads/SpotiFLAC/Jazz Dance_ Jazz House _ Cocktail Bar _ Wine Bar, Bow-House/Jazzy Cigarette/Jazzy Cigarette.flac
[SKIP] Álbum já definido: 'Keep It Unreal' → /home/user/Downloads/SpotiFLAC/Jazz Dance_ Jazz House _ Cocktail Bar _ Wine Bar, Bow-House/Keep It Unreal/Get A Move On!.flac
[SKIP] Álbum já definido: 'Keep On Wiggling' → /home/user/Downloads/SpotiFLAC/Jazz Dance_ Jazz House _ Cocktail Bar _ Wine Bar, Bow-House/Keep On Wiggling/Keep On Wiggling.flac
[SKIP] Álbum já definido: 'kosmos' → /home/user/Downloads/SpotiFLAC/Jazz Dance_ Jazz House _ Cocktail Bar _ Wine Bar, Bow-House/kosmos/passport picture.flac
[SKIP] Álbum já definido: 'La fille du 7e étage' → /home/user/Downloads/SpotiFLAC/Jazz Dance_ Jazz House _ Cocktail Bar _ Wine Bar, Bow-House/La fille du 7e étage/La fille du 7e étage.flac
[SKIP] Álbum já definido: 'last dance' → /home/user/Downloads/SpotiFLAC/Jazz Dance_ Jazz House _ Cocktail Bar _ Wine Bar, Bow-House/last dance/last dance.flac
[SKIP] Álbum já definido: 'Late Checkout' → /home/user/Downloads/SpotiFLAC/Jazz Dance_ Jazz House _ Cocktail Bar _ Wine Bar, Bow-House/Late Checkout/Late Checkout.flac
[SKIP] Álbum já definido: 'Le Cristal' → /home/user/Downloads/SpotiFLAC/Jazz Dance_ Jazz House _ Cocktail Bar _ Wine Bar, Bow-House/Le Cristal/Le Cristal.flac
[SKIP] Álbum já definido: 'Let Loose' → /home/user/Downloads/SpotiFLAC/Jazz Dance_ Jazz House _ Cocktail Bar _ Wine Bar, Bow-House/Let Loose/Let Loose.flac
[SKIP] Álbum já definido: 'Love Language' → /home/user/Downloads/SpotiFLAC/Jazz Dance_ Jazz House _ Cocktail Bar _ Wine Bar, Bow-House/Love Language/Love Language.flac
[SKIP] Álbum já definido: 'Lucas' → /home/user/Downloads/SpotiFLAC/Jazz Dance_ Jazz House _ Cocktail Bar _ Wine Bar, Bow-House/Lucas/Easy.flac
[SKIP] Álbum já definido: 'Mediterranean Sea' → /home/user/Downloads/SpotiFLAC/Jazz Dance_ Jazz House _ Cocktail Bar _ Wine Bar, Bow-House/Mediterranean Sea/Mediterranean Sea.flac
[SKIP] Álbum já definido: 'Meduza' → /home/user/Downloads/SpotiFLAC/Jazz Dance_ Jazz House _ Cocktail Bar _ Wine Bar, Bow-House/Meduza/Meduza.flac
[SKIP] Álbum já definido: 'Midnight Drift' → /home/user/Downloads/SpotiFLAC/Jazz Dance_ Jazz House _ Cocktail Bar _ Wine Bar, Bow-House/Midnight Drift/Midnight Drift.flac
[SKIP] Álbum já definido: 'mirage' → /home/user/Downloads/SpotiFLAC/Jazz Dance_ Jazz House _ Cocktail Bar _ Wine Bar, Bow-House/mirage/mirage.flac
[SKIP] Álbum já definido: 'Missing u' → /home/user/Downloads/SpotiFLAC/Jazz Dance_ Jazz House _ Cocktail Bar _ Wine Bar, Bow-House/Missing u/Missing u.flac
[SKIP] Álbum já definido: 'Moons' → /home/user/Downloads/SpotiFLAC/Jazz Dance_ Jazz House _ Cocktail Bar _ Wine Bar, Bow-House/Moons/Moons.flac
[SKIP] Álbum já definido: 'more butter' → /home/user/Downloads/SpotiFLAC/Jazz Dance_ Jazz House _ Cocktail Bar _ Wine Bar, Bow-House/more butter/more butter.flac
[SKIP] Álbum já definido: 'Morning Sun / Caribbean Lights' → /home/user/Downloads/SpotiFLAC/Jazz Dance_ Jazz House _ Cocktail Bar _ Wine Bar, Bow-House/Morning Sun _ Caribbean Lights/Morning Sun.flac
[SKIP] Álbum já definido: 'Nectar' → /home/user/Downloads/SpotiFLAC/Jazz Dance_ Jazz House _ Cocktail Bar _ Wine Bar, Bow-House/Nectar/CPH.flac
[SKIP] Álbum já definido: 'Nektar' → /home/user/Downloads/SpotiFLAC/Jazz Dance_ Jazz House _ Cocktail Bar _ Wine Bar, Bow-House/Nektar/Nektar.flac
[SKIP] Álbum já definido: 'Never Stop' → /home/user/Downloads/SpotiFLAC/Jazz Dance_ Jazz House _ Cocktail Bar _ Wine Bar, Bow-House/Never Stop/Never Stop.flac
[SKIP] Álbum já definido: 'Night Vision' → /home/user/Downloads/SpotiFLAC/Jazz Dance_ Jazz House _ Cocktail Bar _ Wine Bar, Bow-House/Night Vision/Night Vision.flac
[SKIP] Álbum já definido: 'Noir' → /home/user/Downloads/SpotiFLAC/Jazz Dance_ Jazz House _ Cocktail Bar _ Wine Bar, Bow-House/Noir/Noir.flac
[SKIP] Álbum já definido: 'nyc in 1940' → /home/user/Downloads/SpotiFLAC/Jazz Dance_ Jazz House _ Cocktail Bar _ Wine Bar, Bow-House/nyc in 1940/nyc in 1940.flac
[SKIP] Álbum já definido: 'On & On' → /home/user/Downloads/SpotiFLAC/Jazz Dance_ Jazz House _ Cocktail Bar _ Wine Bar, Bow-House/On & On/On & On.flac
[SKIP] Álbum já definido: 'Oyster Jam' → /home/user/Downloads/SpotiFLAC/Jazz Dance_ Jazz House _ Cocktail Bar _ Wine Bar, Bow-House/Oyster Jam/Oyster Jam.flac
[SKIP] Álbum já definido: 'Pascal' → /home/user/Downloads/SpotiFLAC/Jazz Dance_ Jazz House _ Cocktail Bar _ Wine Bar, Bow-House/Pascal/Pascal.flac
[SKIP] Álbum já definido: 'Petrichor' → /home/user/Downloads/SpotiFLAC/Jazz Dance_ Jazz House _ Cocktail Bar _ Wine Bar, Bow-House/Petrichor/Petrichor.flac
[SKIP] Álbum já definido: 'Prism / Resonance' → /home/user/Downloads/SpotiFLAC/Jazz Dance_ Jazz House _ Cocktail Bar _ Wine Bar, Bow-House/Prism _ Resonance/Prism.flac
[SKIP] Álbum já definido: 'Red Wine' → /home/user/Downloads/SpotiFLAC/Jazz Dance_ Jazz House _ Cocktail Bar _ Wine Bar, Bow-House/Red Wine/Red Wine.flac
[SKIP] Álbum já definido: 'Rendez-vous' → /home/user/Downloads/SpotiFLAC/Jazz Dance_ Jazz House _ Cocktail Bar _ Wine Bar, Bow-House/Rendez-vous/Rendez-vous.flac
[SKIP] Álbum já definido: 'roma to paris to jozi' → /home/user/Downloads/SpotiFLAC/Jazz Dance_ Jazz House _ Cocktail Bar _ Wine Bar, Bow-House/roma to paris to jozi/roma to paris to jozi.flac
[SKIP] Álbum já definido: 'saudade' → /home/user/Downloads/SpotiFLAC/Jazz Dance_ Jazz House _ Cocktail Bar _ Wine Bar, Bow-House/saudade/saudade.flac
[SKIP] Álbum já definido: 'séduction' → /home/user/Downloads/SpotiFLAC/Jazz Dance_ Jazz House _ Cocktail Bar _ Wine Bar, Bow-House/séduction/séduction.flac
[SKIP] Álbum já definido: 'Silky, Buttery, Smooth' → /home/user/Downloads/SpotiFLAC/Jazz Dance_ Jazz House _ Cocktail Bar _ Wine Bar, Bow-House/Silky, Buttery, Smooth/Silky, Buttery, Smooth.flac
[SKIP] Álbum já definido: 'Skylight' → /home/user/Downloads/SpotiFLAC/Jazz Dance_ Jazz House _ Cocktail Bar _ Wine Bar, Bow-House/Skylight/Skylight.flac
[SKIP] Álbum já definido: 'Soft Love' → /home/user/Downloads/SpotiFLAC/Jazz Dance_ Jazz House _ Cocktail Bar _ Wine Bar, Bow-House/Soft Love/Soft Love.flac
[SKIP] Álbum já definido: 'Soir' → /home/user/Downloads/SpotiFLAC/Jazz Dance_ Jazz House _ Cocktail Bar _ Wine Bar, Bow-House/Soir/Soir.flac
[SKIP] Álbum já definido: 'Solar Winds' → /home/user/Downloads/SpotiFLAC/Jazz Dance_ Jazz House _ Cocktail Bar _ Wine Bar, Bow-House/Solar Winds/Solar Winds.flac
[SKIP] Álbum já definido: 'St. Germain' → /home/user/Downloads/SpotiFLAC/Jazz Dance_ Jazz House _ Cocktail Bar _ Wine Bar, Bow-House/St. Germain/St. Germain.flac
[SKIP] Álbum já definido: 'Straight Foxin' LP' → /home/user/Downloads/SpotiFLAC/Jazz Dance_ Jazz House _ Cocktail Bar _ Wine Bar, Bow-House/Straight Foxin' LP/All I Do.flac
[SKIP] Álbum já definido: 'Sun in an Empty Room' → /home/user/Downloads/SpotiFLAC/Jazz Dance_ Jazz House _ Cocktail Bar _ Wine Bar, Bow-House/Sun in an Empty Room/Sun in an Empty Room.flac
[SKIP] Álbum já definido: 'Sunset Ballad' → /home/user/Downloads/SpotiFLAC/Jazz Dance_ Jazz House _ Cocktail Bar _ Wine Bar, Bow-House/Sunset Ballad/Sunset Ballad.flac
[SKIP] Álbum já definido: 'Tales of Dancing Waters' → /home/user/Downloads/SpotiFLAC/Jazz Dance_ Jazz House _ Cocktail Bar _ Wine Bar, Bow-House/Tales of Dancing Waters/Quali Kalimba.flac
[SKIP] Álbum já definido: 'Tess' → /home/user/Downloads/SpotiFLAC/Jazz Dance_ Jazz House _ Cocktail Bar _ Wine Bar, Bow-House/Tess/Tess.flac
[SKIP] Álbum já definido: '@ tha jazz club' → /home/user/Downloads/SpotiFLAC/Jazz Dance_ Jazz House _ Cocktail Bar _ Wine Bar, Bow-House/@ tha jazz club/@ tha jazz club.flac
[SKIP] Álbum já definido: 'The Color of Sound' → /home/user/Downloads/SpotiFLAC/Jazz Dance_ Jazz House _ Cocktail Bar _ Wine Bar, Bow-House/The Color of Sound/A Day In Zanzibar.flac
[SKIP] Álbum já definido: 'The Haunted House of House' → /home/user/Downloads/SpotiFLAC/Jazz Dance_ Jazz House _ Cocktail Bar _ Wine Bar, Bow-House/The Haunted House of House/Good Intentions - LP Mix.flac
[SKIP] Álbum já definido: 'The Jazz is Fine' → /home/user/Downloads/SpotiFLAC/Jazz Dance_ Jazz House _ Cocktail Bar _ Wine Bar, Bow-House/The Jazz is Fine/The Jazz is Fine.flac
[SKIP] Álbum já definido: 'Touch (Aguava Remix)' → /home/user/Downloads/SpotiFLAC/Jazz Dance_ Jazz House _ Cocktail Bar _ Wine Bar, Bow-House/Touch (Aguava Remix)/Touch - Aguava Remix.flac
[SKIP] Álbum já definido: 'Turtle Jazz' → /home/user/Downloads/SpotiFLAC/Jazz Dance_ Jazz House _ Cocktail Bar _ Wine Bar, Bow-House/Turtle Jazz/Turtle Jazz.flac
[SKIP] Álbum já definido: 'Une Nuit À La Cour EP' → /home/user/Downloads/SpotiFLAC/Jazz Dance_ Jazz House _ Cocktail Bar _ Wine Bar, Bow-House/Une Nuit À La Cour EP/Une Nuit À La Cour - Edit.flac
[SKIP] Álbum já definido: 'Uptown Social Club' → /home/user/Downloads/SpotiFLAC/Jazz Dance_ Jazz House _ Cocktail Bar _ Wine Bar, Bow-House/Uptown Social Club/Cooking Sunday.flac
[SKIP] Álbum já definido: 'Up To You' → /home/user/Downloads/SpotiFLAC/Jazz Dance_ Jazz House _ Cocktail Bar _ Wine Bar, Bow-House/Up To You/Up To You.flac
[SKIP] Álbum já definido: 'Useless, pt. 1' → /home/user/Downloads/SpotiFLAC/Jazz Dance_ Jazz House _ Cocktail Bar _ Wine Bar, Bow-House/Useless, pt. 1/Robin's jam.flac
[SKIP] Álbum já definido: 'Velvet' → /home/user/Downloads/SpotiFLAC/Jazz Dance_ Jazz House _ Cocktail Bar _ Wine Bar, Bow-House/Velvet/Velvet.flac
[SKIP] Álbum já definido: 'Viceral' → /home/user/Downloads/SpotiFLAC/Jazz Dance_ Jazz House _ Cocktail Bar _ Wine Bar, Bow-House/Viceral/Viceral.flac
[SKIP] Álbum já definido: 'what i remember of san francisco' → /home/user/Downloads/SpotiFLAC/Jazz Dance_ Jazz House _ Cocktail Bar _ Wine Bar, Bow-House/what i remember of san francisco/what i remember of san francisco.flac
[SKIP] Álbum já definido: 'When Lagos Sleeps' → /home/user/Downloads/SpotiFLAC/Jazz Dance_ Jazz House _ Cocktail Bar _ Wine Bar, Bow-House/When Lagos Sleeps/Metric Rules.flac

Concluído — Alterados: 0 | Ignorados: 113 | Erros: 0
- Done! -------------------------------------------------------
- MULTIPLE ARTISTS  -------------------------
---
Editing file: 01 DISC/Hotspot.flac
Contains: 2 artist(s) tag
[WARN] Already with correct tags:
ALBUMARTIST=TABLE

[SKIP]
---
Editing file: 02 DISC/House of Jazz.flac
Contains: 1 artist(s) tag
[SKIP]
---
Editing file: A New High Fidelity Tripout/Earthlight.flac
Contains: 1 artist(s) tag
[SKIP]
---
Editing file: A Night With Robbie Jean/The Fall.flac
Contains: 1 artist(s) tag
[SKIP]
---
Editing file: Atrium/1515 Broadway.flac
Contains: 4 artist(s) tag
[WARN] Already with correct tags:
ALBUMARTIST=Moedani
ALBUMARTIST=XULUX
ALBUMARTIST=Jalbers
ALBUMARTIST=Happy Tobi

[SKIP]
---
Editing file: Atrium/Blueprint.flac
Contains: 1 artist(s) tag
[SKIP]
---
Editing file: Atrium/Multiverse.flac
Contains: 4 artist(s) tag
[WARN] Already with correct tags:
ALBUMARTIST=Moedani
ALBUMARTIST=XULUX
ALBUMARTIST=Jalbers
ALBUMARTIST=Happy Tobi

[SKIP]
---
Editing file: azahar/azahar.flac
Contains: 2 artist(s) tag
[WARN] Already with correct tags:
ALBUMARTIST=HOLIDAY ORANGE
ALBUMARTIST=a lot of flowers

[SKIP]
---
Editing file: Barcode/Barcode.flac
Contains: 1 artist(s) tag
[SKIP]
---
Editing file: Beach Party/Beach Party.flac
Contains: 2 artist(s) tag
[WARN] Already with correct tags:
ALBUMARTIST=Erwo
ALBUMARTIST=Lennex

[SKIP]
---
Editing file: bianca/bianca.flac
Contains: 2 artist(s) tag
[WARN] Already with correct tags:
ALBUMARTIST=Gaston
ALBUMARTIST=the wine is ok

[SKIP]
---
Editing file: Boat Party/Boat Party.flac
Contains: 2 artist(s) tag
[WARN] Already with correct tags:
ALBUMARTIST=Ajmw
ALBUMARTIST=Blanc

[SKIP]
---
Editing file: Bodhi/Bodhi.flac
Contains: 1 artist(s) tag
[SKIP]
---
Editing file: calvera/calvera.flac
Contains: 2 artist(s) tag
[WARN] Already with correct tags:
ALBUMARTIST=fyodor
ALBUMARTIST=Apéro

[SKIP]
---
Editing file: Canvas _ Rendezvous/Rendezvous.flac
Contains: 1 artist(s) tag
[SKIP]
---
Editing file: Caravella EP/Caravella - Edit.flac
Contains: 1 artist(s) tag
[SKIP]
---
Editing file: Comme Down/Comme Down.flac
Contains: 2 artist(s) tag
[WARN] Already with correct tags:
ALBUMARTIST=STRNGE
ALBUMARTIST=Lawrence Tripp

[SKIP]
---
Editing file: concord/concord.flac
Contains: 3 artist(s) tag
[WARN] Already with correct tags:
ALBUMARTIST=the wine is ok
ALBUMARTIST=Gaston
ALBUMARTIST=Jordan Burnett

[SKIP]
---
Editing file: Creationflow/Creationflow.flac
Contains: 2 artist(s) tag
[WARN] Already with correct tags:
ALBUMARTIST=Zachary Berns
ALBUMARTIST=Vesa Beats

[SKIP]
---
Editing file: Dance/Dance.flac
Contains: 1 artist(s) tag
[SKIP]
---
Editing file: Dancing in the Jazz Club/Dancing in the Jazz Club.flac
Contains: 2 artist(s) tag
[WARN] Already with correct tags:
ALBUMARTIST=Erwo
ALBUMARTIST=hash master

[SKIP]
---
Editing file: Dazzlin'/Dazzlin'.flac
Contains: 1 artist(s) tag
[SKIP]
---
Editing file: De Vere/De Vere.flac
Contains: 1 artist(s) tag
[SKIP]
---
Editing file: Do You Even Care/Do You Even Care.flac
Contains: 1 artist(s) tag
[SKIP]
---
Editing file: Dreams/Dreams.flac
Contains: 1 artist(s) tag
[SKIP]
---
Editing file: Dub Off/Dub Off.flac
Contains: 4 artist(s) tag
[WARN] Already with correct tags:
ALBUMARTIST=Moedani
ALBUMARTIST=XULUX
ALBUMARTIST=Jalbers
ALBUMARTIST=Happy Tobi

[SKIP]
---
Editing file: Dynamite/Dynamite.flac
Contains: 2 artist(s) tag
[WARN] Already with correct tags:
ALBUMARTIST=Teuteu
ALBUMARTIST=Implicit

[SKIP]
---
Editing file: Echoes/Echoes.flac
Contains: 1 artist(s) tag
[SKIP]
---
Editing file: Echoes of Miami./Take your time.flac
Contains: 1 artist(s) tag
[SKIP]
---
Editing file: Enjoy (Bonus Track)/Enjoy - Bonus Track.flac
Contains: 1 artist(s) tag
[SKIP]
---
Editing file: Everything/Everything.flac
Contains: 1 artist(s) tag
[SKIP]
---
Editing file: Feel The Groove/Feel The Groove.flac
Contains: 1 artist(s) tag
[SKIP]
---
Editing file: fiano/fiano.flac
Contains: 1 artist(s) tag
[SKIP]
---
Editing file: fiano/merlot.flac
Contains: 1 artist(s) tag
[SKIP]
---
Editing file: First Class/First Class.flac
Contains: 1 artist(s) tag
[SKIP]
---
Editing file: Flow/Flow.flac
Contains: 1 artist(s) tag
[SKIP]
---
Editing file: Forever/Forever.flac
Contains: 1 artist(s) tag
[SKIP]
---
Editing file: French Lessons/Faubourg Saint-Denis.flac
Contains: 2 artist(s) tag
[WARN] Already with correct tags:
ALBUMARTIST=Jeff The Fool

[SKIP]
---
Editing file: Furaha/Untitled.flac
Contains: 1 artist(s) tag
[SKIP]
---
Editing file: Hand On The Torch/Cantaloop (Flip Fantasia).flac
Contains: 3 artist(s) tag
[WARN] Already with correct tags:
ALBUMARTIST=Us3

[SKIP]
---
Editing file: Hold Up/Hold Up.flac
Contains: 1 artist(s) tag
[SKIP]
---
Editing file: Ideas/Agua.flac
Contains: 2 artist(s) tag
[WARN] Already with correct tags:
ALBUMARTIST=Maple Syrup

[SKIP]
---
Editing file: Ideas/Cache Me If You Can.flac
Contains: 1 artist(s) tag
[SKIP]
---
Editing file: Ideas/Somna.flac
Contains: 1 artist(s) tag
[SKIP]
---
Editing file: If you could be anywhere./If you could be anywhere.flac
Contains: 1 artist(s) tag
[SKIP]
---
Editing file: intersection/what we think about.flac
Contains: 1 artist(s) tag
[SKIP]
---
Editing file: Island Flow/Island Flow.flac
Contains: 2 artist(s) tag
[WARN] Already with correct tags:
ALBUMARTIST=Nebulae Waves
ALBUMARTIST=Moryla

[SKIP]
---
Editing file: Jazz Dance/Breathe.flac
Contains: 1 artist(s) tag
[SKIP]
---
Editing file: Jazz Dance/Jazz Dance.flac
Contains: 1 artist(s) tag
[SKIP]
---
Editing file: Jazz Dance/Second Wind.flac
Contains: 1 artist(s) tag
[SKIP]
---
Editing file: Jazz Dance/Spotlight.flac
Contains: 1 artist(s) tag
[SKIP]
---
Editing file: jazz is for ordinary people/jazz is for ordinary people.flac
Contains: 1 artist(s) tag
[SKIP]
---
Editing file: Jazz On Grounds/Jazz On Grounds.flac
Contains: 2 artist(s) tag
[WARN] Already with correct tags:
ALBUMARTIST=Plage Noir
ALBUMARTIST=ELLIBOI

[SKIP]
---
Editing file: Jazzy Cigarette/Jazzy Cigarette.flac
Contains: 1 artist(s) tag
[SKIP]
---
Editing file: Keep It Unreal/Get A Move On!.flac
Contains: 2 artist(s) tag
[WARN] Already with correct tags:
ALBUMARTIST=Mr. Scruff

[SKIP]
---
Editing file: Keep On Wiggling/Keep On Wiggling.flac
Contains: 1 artist(s) tag
[SKIP]
---
Editing file: kosmos/passport picture.flac
Contains: 2 artist(s) tag
[WARN] Already with correct tags:
ALBUMARTIST=KALLITECHNIS
ALBUMARTIST=mango heist

[SKIP]
---
Editing file: La fille du 7e étage/La fille du 7e étage.flac
Contains: 2 artist(s) tag
[WARN] Already with correct tags:
ALBUMARTIST=St-Amour
ALBUMARTIST=Sarah Degny

[SKIP]
---
Editing file: last dance/last dance.flac
Contains: 1 artist(s) tag
[SKIP]
---
Editing file: Late Checkout/Late Checkout.flac
Contains: 3 artist(s) tag
[WARN] Already with correct tags:
ALBUMARTIST=Second Sided
ALBUMARTIST=Jost Esser
ALBUMARTIST=Jalbers

[SKIP]
---
Editing file: Le Cristal/Le Cristal.flac
Contains: 2 artist(s) tag
[WARN] Already with correct tags:
ALBUMARTIST=Maple Syrup
ALBUMARTIST=Screen Jazzmaster

[SKIP]
---
Editing file: Let Loose/Let Loose.flac
Contains: 1 artist(s) tag
[SKIP]
---
Editing file: Love Language/Love Language.flac
Contains: 2 artist(s) tag
[WARN] Already with correct tags:
ALBUMARTIST=Chaos In The CBD
ALBUMARTIST=Nathan Haines

[SKIP]
---
Editing file: Lucas/Easy.flac
Contains: 2 artist(s) tag
[WARN] Already with correct tags:
ALBUMARTIST=Cody Currie

[SKIP]
---
Editing file: Mediterranean Sea/Mediterranean Sea.flac
Contains: 2 artist(s) tag
[WARN] Already with correct tags:
ALBUMARTIST=Plage Noir
ALBUMARTIST=ELLIBOI

[SKIP]
---
Editing file: Meduza/Meduza.flac
Contains: 2 artist(s) tag
[WARN] Already with correct tags:
ALBUMARTIST=Jazzbois
ALBUMARTIST=Gnork

[SKIP]
---
Editing file: Midnight Drift/Midnight Drift.flac
Contains: 2 artist(s) tag
[WARN] Already with correct tags:
ALBUMARTIST=būgs
ALBUMARTIST=philocalie

[SKIP]
---
Editing file: mirage/mirage.flac
Contains: 2 artist(s) tag
[WARN] Already with correct tags:
ALBUMARTIST=morisan
ALBUMARTIST=Raj

[SKIP]
---
Editing file: Missing u/Missing u.flac
Contains: 2 artist(s) tag
[WARN] Already with correct tags:
ALBUMARTIST=Mack Walker

[SKIP]
---
Editing file: Moons/Moons.flac
Contains: 1 artist(s) tag
[SKIP]
---
Editing file: more butter/more butter.flac
Contains: 1 artist(s) tag
[SKIP]
---
Editing file: Morning Sun _ Caribbean Lights/Morning Sun.flac
Contains: 2 artist(s) tag
[WARN] Already with correct tags:
ALBUMARTIST=Terrazze
ALBUMARTIST=philocalie

[SKIP]
---
Editing file: Nectar/CPH.flac
Contains: 2 artist(s) tag
[WARN] Already with correct tags:
ALBUMARTIST=dublon

[SKIP]
---
Editing file: Nektar/Nektar.flac
Contains: 2 artist(s) tag
[WARN] Already with correct tags:
ALBUMARTIST=Plage Noir
ALBUMARTIST=philocalie

[SKIP]
---
Editing file: Never Stop/Never Stop.flac
Contains: 2 artist(s) tag
[WARN] Already with correct tags:
ALBUMARTIST=Erwo
ALBUMARTIST=Lennex

[SKIP]
---
Editing file: Night Vision/Night Vision.flac
Contains: 1 artist(s) tag
[SKIP]
---
Editing file: Noir/Noir.flac
Contains: 2 artist(s) tag
[WARN] Already with correct tags:
ALBUMARTIST=house red
ALBUMARTIST=muscato

[SKIP]
---
Editing file: nyc in 1940/nyc in 1940.flac
Contains: 2 artist(s) tag
[WARN] Already with correct tags:
ALBUMARTIST=berlioz
ALBUMARTIST=Ted Jasper

[SKIP]
---
Editing file: On & On/On & On.flac
Contains: 2 artist(s) tag
[WARN] Already with correct tags:
ALBUMARTIST=bari
ALBUMARTIST=Nathan Haines

[SKIP]
---
Editing file: Oyster Jam/Oyster Jam.flac
Contains: 2 artist(s) tag
[WARN] Already with correct tags:
ALBUMARTIST=dublon

[SKIP]
---
Editing file: Pascal/Pascal.flac
Contains: 1 artist(s) tag
[SKIP]
---
Editing file: Petrichor/Petrichor.flac
Contains: 1 artist(s) tag
[SKIP]
---
Editing file: Prism _ Resonance/Prism.flac
Contains: 2 artist(s) tag
[WARN] Already with correct tags:
ALBUMARTIST=Zachary Berns

[SKIP]
---
Editing file: Red Wine/Red Wine.flac
Contains: 1 artist(s) tag
[SKIP]
---
Editing file: Rendez-vous/Rendez-vous.flac
Contains: 1 artist(s) tag
[SKIP]
---
Editing file: roma to paris to jozi/roma to paris to jozi.flac
Contains: 3 artist(s) tag
[WARN] Already with correct tags:
ALBUMARTIST=MiQu
ALBUMARTIST=St-Amour
ALBUMARTIST=KIMBER

[SKIP]
---
Editing file: saudade/saudade.flac
Contains: 1 artist(s) tag
[SKIP]
---
Editing file: séduction/séduction.flac
Contains: 2 artist(s) tag
[WARN] Already with correct tags:
ALBUMARTIST=Ralph Felix
ALBUMARTIST=Sébastien Lintz

[SKIP]
---
Editing file: Silky, Buttery, Smooth/Silky, Buttery, Smooth.flac
Contains: 1 artist(s) tag
[SKIP]
---
Editing file: Skylight/Skylight.flac
Contains: 1 artist(s) tag
[SKIP]
---
Editing file: Soft Love/Soft Love.flac
Contains: 1 artist(s) tag
[SKIP]
---
Editing file: Soir/Soir.flac
Contains: 2 artist(s) tag
[WARN] Already with correct tags:
ALBUMARTIST=Lumiere
ALBUMARTIST=Gaston

[SKIP]
---
Editing file: Solar Winds/Solar Winds.flac
Contains: 2 artist(s) tag
[WARN] Already with correct tags:
ALBUMARTIST=Maple Syrup
ALBUMARTIST=Screen Jazzmaster

[SKIP]
---
Editing file: St. Germain/St. Germain.flac
Contains: 2 artist(s) tag
[WARN] Already with correct tags:
ALBUMARTIST=Nebulae Waves
ALBUMARTIST=Moryla

[SKIP]
---
Editing file: Straight Foxin' LP/All I Do.flac
Contains: 2 artist(s) tag
[WARN] Already with correct tags:
ALBUMARTIST=Retromigration

[SKIP]
---
Editing file: Sun in an Empty Room/Sun in an Empty Room.flac
Contains: 2 artist(s) tag
[WARN] Already with correct tags:
ALBUMARTIST=cezanne
ALBUMARTIST=St-Amour

[SKIP]
---
Editing file: Sunset Ballad/Sunset Ballad.flac
Contains: 1 artist(s) tag
[SKIP]
---
Editing file: Tales of Dancing Waters/Quali Kalimba.flac
Contains: 1 artist(s) tag
[SKIP]
---
Editing file: Tess/Tess.flac
Contains: 1 artist(s) tag
[SKIP]
---
Editing file: @ tha jazz club/@ tha jazz club.flac
Contains: 1 artist(s) tag
[SKIP]
---
Editing file: The Color of Sound/A Day In Zanzibar.flac
Contains: 1 artist(s) tag
[SKIP]
---
Editing file: The Haunted House of House/Good Intentions - LP Mix.flac
Contains: 1 artist(s) tag
[SKIP]
---
Editing file: The Jazz is Fine/The Jazz is Fine.flac
Contains: 3 artist(s) tag
[WARN] Already with correct tags:
ALBUMARTIST=Nebulae Waves
ALBUMARTIST=Moryla
ALBUMARTIST=Plage Noir

[SKIP]
---
Editing file: Touch (Aguava Remix)/Touch - Aguava Remix.flac
Contains: 2 artist(s) tag
[WARN] Already with correct tags:
ALBUMARTIST=Adam Swim
ALBUMARTIST=Aguava

[SKIP]
---
Editing file: Turtle Jazz/Turtle Jazz.flac
Contains: 2 artist(s) tag
[WARN] Already with correct tags:
ALBUMARTIST=dublon
ALBUMARTIST=sunflwr

[SKIP]
---
Editing file: Une Nuit À La Cour EP/Une Nuit À La Cour - Edit.flac
Contains: 2 artist(s) tag
[WARN] Already with correct tags:
ALBUMARTIST=Sem Jacobs

[SKIP]
---
Editing file: Uptown Social Club/Cooking Sunday.flac
Contains: 3 artist(s) tag
[WARN] Already with correct tags:
ALBUMARTIST=Nebulae Waves
ALBUMARTIST=Moryla
ALBUMARTIST=Plage Noir

[SKIP]
---
Editing file: Up To You/Up To You.flac
Contains: 1 artist(s) tag
[SKIP]
---
Editing file: Useless, pt. 1/Robin's jam.flac
Contains: 1 artist(s) tag
[SKIP]
---
Editing file: Velvet/Velvet.flac
Contains: 2 artist(s) tag
[WARN] Already with correct tags:
ALBUMARTIST=Vaerk
ALBUMARTIST=muscato

[SKIP]
---
Editing file: Viceral/Viceral.flac
Contains: 1 artist(s) tag
[SKIP]
---
Editing file: what i remember of san francisco/what i remember of san francisco.flac
Contains: 1 artist(s) tag
[SKIP]
---
Editing file: When Lagos Sleeps/Metric Rules.flac
Contains: 1 artist(s) tag
[SKIP]
- Done! -------------------------------------------------------
- ALBUMARTIST SETTER ------------------------------------------------
---
Album: 01 DISC
AlbumArtist found in 1/1 tracks. Using: TABLE
[SKIP] Hotspot.flac — AlbumArtist already correct.
---
Album: 02 DISC
AlbumArtist found in 1/1 tracks. Using: TABLE
[SKIP] House of Jazz.flac — AlbumArtist already correct.
---
Album: A New High Fidelity Tripout
AlbumArtist found in 1/1 tracks. Using: Stardelay
[SKIP] Earthlight.flac — AlbumArtist already correct.
---
Album: A Night With Robbie Jean
AlbumArtist found in 1/1 tracks. Using: Soul Groove (UK)
[SKIP] The Fall.flac — AlbumArtist already correct.
---
Album: Atrium
AlbumArtist found in 3/3 tracks. Using: Happy Tobi
[SKIP] 1515 Broadway.flac — AlbumArtist already correct.
[SKIP] Blueprint.flac — AlbumArtist already correct.
[SKIP] Multiverse.flac — AlbumArtist already correct.
---
Album: azahar
AlbumArtist found in 1/1 tracks. Using: a lot of flowers
[SKIP] azahar.flac — AlbumArtist already correct.
---
Album: Barcode
AlbumArtist found in 1/1 tracks. Using: Bård Berg
[SKIP] Barcode.flac — AlbumArtist already correct.
---
Album: Beach Party
AlbumArtist found in 1/1 tracks. Using: Lennex
[SKIP] Beach Party.flac — AlbumArtist already correct.
---
Album: bianca
AlbumArtist found in 1/1 tracks. Using: the wine is ok
[SKIP] bianca.flac — AlbumArtist already correct.
---
Album: Boat Party
AlbumArtist found in 1/1 tracks. Using: Blanc
[SKIP] Boat Party.flac — AlbumArtist already correct.
---
Album: Bodhi
AlbumArtist found in 1/1 tracks. Using: Morakle
[SKIP] Bodhi.flac — AlbumArtist already correct.
---
Album: calvera
AlbumArtist found in 1/1 tracks. Using: Apéro
[SKIP] calvera.flac — AlbumArtist already correct.
---
Album: Canvas _ Rendezvous
AlbumArtist found in 1/1 tracks. Using: Zachary Berns
[SKIP] Rendezvous.flac — AlbumArtist already correct.
---
Album: Caravella EP
AlbumArtist found in 1/1 tracks. Using: Gavinco
[SKIP] Caravella - Edit.flac — AlbumArtist already correct.
---
Album: Comme Down
AlbumArtist found in 1/1 tracks. Using: Lawrence Tripp
[SKIP] Comme Down.flac — AlbumArtist already correct.
---
Album: concord
AlbumArtist found in 1/1 tracks. Using: Jordan Burnett
[SKIP] concord.flac — AlbumArtist already correct.
---
Album: Creationflow
AlbumArtist found in 1/1 tracks. Using: Vesa Beats
[SKIP] Creationflow.flac — AlbumArtist already correct.
---
Album: Dance
AlbumArtist found in 1/1 tracks. Using: No End
[SKIP] Dance.flac — AlbumArtist already correct.
---
Album: Dancing in the Jazz Club
AlbumArtist found in 1/1 tracks. Using: hash master
[SKIP] Dancing in the Jazz Club.flac — AlbumArtist already correct.
---
Album: Dazzlin'
AlbumArtist found in 1/1 tracks. Using: Alexander IV
[SKIP] Dazzlin'.flac — AlbumArtist already correct.
---
Album: De Vere
AlbumArtist found in 1/1 tracks. Using: Mack Walker
[SKIP] De Vere.flac — AlbumArtist already correct.
---
Album: Do You Even Care
AlbumArtist found in 1/1 tracks. Using: gabriel
[SKIP] Do You Even Care.flac — AlbumArtist already correct.
---
Album: Dreams
AlbumArtist found in 1/1 tracks. Using: Tour-Maubourg
[SKIP] Dreams.flac — AlbumArtist already correct.
---
Album: Dub Off
AlbumArtist found in 1/1 tracks. Using: Happy Tobi
[SKIP] Dub Off.flac — AlbumArtist already correct.
---
Album: Dynamite
AlbumArtist found in 1/1 tracks. Using: Implicit
[SKIP] Dynamite.flac — AlbumArtist already correct.
---
Album: Echoes
AlbumArtist found in 1/1 tracks. Using: MARINI
[SKIP] Echoes.flac — AlbumArtist already correct.
---
Album: Echoes of Miami.
AlbumArtist found in 1/1 tracks. Using: Bolden.
[SKIP] Take your time.flac — AlbumArtist already correct.
---
Album: Enjoy (Bonus Track)
AlbumArtist found in 1/1 tracks. Using: Bellamy
[SKIP] Enjoy - Bonus Track.flac — AlbumArtist already correct.
---
Album: Everything
AlbumArtist found in 1/1 tracks. Using: Le VF
[SKIP] Everything.flac — AlbumArtist already correct.
---
Album: Feel The Groove
AlbumArtist found in 1/1 tracks. Using: Sébastien Lintz
[SKIP] Feel The Groove.flac — AlbumArtist already correct.
---
Album: fiano
AlbumArtist found in 2/2 tracks. Using: the wine is ok
[SKIP] fiano.flac — AlbumArtist already correct.
[SKIP] merlot.flac — AlbumArtist already correct.
---
Album: First Class
AlbumArtist found in 1/1 tracks. Using: Twill Street
[SKIP] First Class.flac — AlbumArtist already correct.
---
Album: Flow
AlbumArtist found in 1/1 tracks. Using: Red Astro
[SKIP] Flow.flac — AlbumArtist already correct.
---
Album: Forever
AlbumArtist found in 1/1 tracks. Using: Gaston
[SKIP] Forever.flac — AlbumArtist already correct.
---
Album: French Lessons
AlbumArtist found in 1/1 tracks. Using: Jeff The Fool
[SKIP] Faubourg Saint-Denis.flac — AlbumArtist already correct.
---
Album: Furaha
AlbumArtist found in 1/1 tracks. Using: NATE08
[SKIP] Untitled.flac — AlbumArtist already correct.
---
Album: Hand On The Torch
AlbumArtist found in 1/1 tracks. Using: Us3
[SKIP] Cantaloop (Flip Fantasia).flac — AlbumArtist already correct.
---
Album: Hold Up
AlbumArtist found in 1/1 tracks. Using: NATE08
[SKIP] Hold Up.flac — AlbumArtist already correct.
---
Album: Ideas
AlbumArtist found in 3/3 tracks. Using: Maple Syrup
[SKIP] Agua.flac — AlbumArtist already correct.
[SKIP] Cache Me If You Can.flac — AlbumArtist already correct.
[SKIP] Somna.flac — AlbumArtist already correct.
---
Album: If you could be anywhere.
AlbumArtist found in 1/1 tracks. Using: Bolden.
[SKIP] If you could be anywhere.flac — AlbumArtist already correct.
---
Album: intersection
AlbumArtist found in 1/1 tracks. Using: fyodor
[SKIP] what we think about.flac — AlbumArtist already correct.
---
Album: Island Flow
AlbumArtist found in 1/1 tracks. Using: Moryla
[SKIP] Island Flow.flac — AlbumArtist already correct.
---
Album: Jazz Dance
AlbumArtist found in 4/4 tracks. Using: Red Astro
[SKIP] Breathe.flac — AlbumArtist already correct.
[SKIP] Jazz Dance.flac — AlbumArtist already correct.
[SKIP] Second Wind.flac — AlbumArtist already correct.
[SKIP] Spotlight.flac — AlbumArtist already correct.
---
Album: jazz is for ordinary people
AlbumArtist found in 1/1 tracks. Using: berlioz
[SKIP] jazz is for ordinary people.flac — AlbumArtist already correct.
---
Album: Jazz On Grounds
AlbumArtist found in 1/1 tracks. Using: ELLIBOI
[SKIP] Jazz On Grounds.flac — AlbumArtist already correct.
---
Album: Jazzy Cigarette
AlbumArtist found in 1/1 tracks. Using: Copenhagen untd.
[SKIP] Jazzy Cigarette.flac — AlbumArtist already correct.
---
Album: Keep It Unreal
AlbumArtist found in 1/1 tracks. Using: Mr. Scruff
[SKIP] Get A Move On!.flac — AlbumArtist already correct.
---
Album: Keep On Wiggling
AlbumArtist found in 1/1 tracks. Using: Viggo
[SKIP] Keep On Wiggling.flac — AlbumArtist already correct.
---
Album: kosmos
AlbumArtist found in 1/1 tracks. Using: mango heist
[SKIP] passport picture.flac — AlbumArtist already correct.
---
Album: La fille du 7e étage
AlbumArtist found in 1/1 tracks. Using: Sarah Degny
[SKIP] La fille du 7e étage.flac — AlbumArtist already correct.
---
Album: last dance
AlbumArtist found in 1/1 tracks. Using: signac
[SKIP] last dance.flac — AlbumArtist already correct.
---
Album: Late Checkout
AlbumArtist found in 1/1 tracks. Using: Jalbers
[SKIP] Late Checkout.flac — AlbumArtist already correct.
---
Album: Le Cristal
AlbumArtist found in 1/1 tracks. Using: Screen Jazzmaster
[SKIP] Le Cristal.flac — AlbumArtist already correct.
---
Album: Let Loose
AlbumArtist found in 1/1 tracks. Using: Red Astro
[SKIP] Let Loose.flac — AlbumArtist already correct.
---
Album: Love Language
AlbumArtist found in 1/1 tracks. Using: Nathan Haines
[SKIP] Love Language.flac — AlbumArtist already correct.
---
Album: Lucas
AlbumArtist found in 1/1 tracks. Using: Cody Currie
[SKIP] Easy.flac — AlbumArtist already correct.
---
Album: Mediterranean Sea
AlbumArtist found in 1/1 tracks. Using: ELLIBOI
[SKIP] Mediterranean Sea.flac — AlbumArtist already correct.
---
Album: Meduza
AlbumArtist found in 1/1 tracks. Using: Gnork
[SKIP] Meduza.flac — AlbumArtist already correct.
---
Album: Midnight Drift
AlbumArtist found in 1/1 tracks. Using: philocalie
[SKIP] Midnight Drift.flac — AlbumArtist already correct.
---
Album: mirage
AlbumArtist found in 1/1 tracks. Using: Raj
[SKIP] mirage.flac — AlbumArtist already correct.
---
Album: Missing u
AlbumArtist found in 1/1 tracks. Using: Mack Walker
[SKIP] Missing u.flac — AlbumArtist already correct.
---
Album: Moons
AlbumArtist found in 1/1 tracks. Using: TABLE
[SKIP] Moons.flac — AlbumArtist already correct.
---
Album: more butter
AlbumArtist found in 1/1 tracks. Using: Soul Legend
[SKIP] more butter.flac — AlbumArtist already correct.
---
Album: Morning Sun _ Caribbean Lights
AlbumArtist found in 1/1 tracks. Using: philocalie
[SKIP] Morning Sun.flac — AlbumArtist already correct.
---
Album: Nectar
AlbumArtist found in 1/1 tracks. Using: dublon
[SKIP] CPH.flac — AlbumArtist already correct.
---
Album: Nektar
AlbumArtist found in 1/1 tracks. Using: philocalie
[SKIP] Nektar.flac — AlbumArtist already correct.
---
Album: Never Stop
AlbumArtist found in 1/1 tracks. Using: Lennex
[SKIP] Never Stop.flac — AlbumArtist already correct.
---
Album: Night Vision
AlbumArtist found in 1/1 tracks. Using: Jason Hersco
[SKIP] Night Vision.flac — AlbumArtist already correct.
---
Album: Noir
AlbumArtist found in 1/1 tracks. Using: muscato
[SKIP] Noir.flac — AlbumArtist already correct.
---
Album: nyc in 1940
AlbumArtist found in 1/1 tracks. Using: Ted Jasper
[SKIP] nyc in 1940.flac — AlbumArtist already correct.
---
Album: On & On
AlbumArtist found in 1/1 tracks. Using: Nathan Haines
[SKIP] On & On.flac — AlbumArtist already correct.
---
Album: Oyster Jam
AlbumArtist found in 1/1 tracks. Using: dublon
[SKIP] Oyster Jam.flac — AlbumArtist already correct.
---
Album: Pascal
AlbumArtist found in 1/1 tracks. Using: afour
[SKIP] Pascal.flac — AlbumArtist already correct.
---
Album: Petrichor
AlbumArtist found in 1/1 tracks. Using: Red Astro
[SKIP] Petrichor.flac — AlbumArtist already correct.
---
Album: Prism _ Resonance
AlbumArtist found in 1/1 tracks. Using: Zachary Berns
[SKIP] Prism.flac — AlbumArtist already correct.
---
Album: Red Wine
AlbumArtist found in 1/1 tracks. Using: Can U
[SKIP] Red Wine.flac — AlbumArtist already correct.
---
Album: Rendez-vous
AlbumArtist found in 1/1 tracks. Using: Cartizze
[SKIP] Rendez-vous.flac — AlbumArtist already correct.
---
Album: roma to paris to jozi
AlbumArtist found in 1/1 tracks. Using: KIMBER
[SKIP] roma to paris to jozi.flac — AlbumArtist already correct.
---
Album: saudade
AlbumArtist found in 1/1 tracks. Using: signac
[SKIP] saudade.flac — AlbumArtist already correct.
---
Album: séduction
AlbumArtist found in 1/1 tracks. Using: Sébastien Lintz
[SKIP] séduction.flac — AlbumArtist already correct.
---
Album: Silky, Buttery, Smooth
AlbumArtist found in 1/1 tracks. Using: Kareem Ali
[SKIP] Silky, Buttery, Smooth.flac — AlbumArtist already correct.
---
Album: Skylight
AlbumArtist found in 1/1 tracks. Using: Twill Street
[SKIP] Skylight.flac — AlbumArtist already correct.
---
Album: Soft Love
AlbumArtist found in 1/1 tracks. Using: Kcik
[SKIP] Soft Love.flac — AlbumArtist already correct.
---
Album: Soir
AlbumArtist found in 1/1 tracks. Using: Gaston
[SKIP] Soir.flac — AlbumArtist already correct.
---
Album: Solar Winds
AlbumArtist found in 1/1 tracks. Using: Screen Jazzmaster
[SKIP] Solar Winds.flac — AlbumArtist already correct.
---
Album: St. Germain
AlbumArtist found in 1/1 tracks. Using: Moryla
[SKIP] St. Germain.flac — AlbumArtist already correct.
---
Album: Straight Foxin' LP
AlbumArtist found in 1/1 tracks. Using: Retromigration
[SKIP] All I Do.flac — AlbumArtist already correct.
---
Album: Sun in an Empty Room
AlbumArtist found in 1/1 tracks. Using: St-Amour
[SKIP] Sun in an Empty Room.flac — AlbumArtist already correct.
---
Album: Sunset Ballad
AlbumArtist found in 1/1 tracks. Using: Bellaire
[SKIP] Sunset Ballad.flac — AlbumArtist already correct.
---
Album: Tales of Dancing Waters
AlbumArtist found in 1/1 tracks. Using: S-Pazz
[SKIP] Quali Kalimba.flac — AlbumArtist already correct.
---
Album: Tess
AlbumArtist found in 1/1 tracks. Using: Teuteu
[SKIP] Tess.flac — AlbumArtist already correct.
---
Album: @ tha jazz club
AlbumArtist found in 1/1 tracks. Using: geneva
[SKIP] @ tha jazz club.flac — AlbumArtist already correct.
---
Album: The Color of Sound
AlbumArtist found in 1/1 tracks. Using: Kareem Ali
[SKIP] A Day In Zanzibar.flac — AlbumArtist already correct.
---
Album: The Haunted House of House
AlbumArtist found in 1/1 tracks. Using: Session Victim
[SKIP] Good Intentions - LP Mix.flac — AlbumArtist already correct.
---
Album: The Jazz is Fine
AlbumArtist found in 1/1 tracks. Using: Plage Noir
[SKIP] The Jazz is Fine.flac — AlbumArtist already correct.
---
Album: Touch (Aguava Remix)
AlbumArtist found in 1/1 tracks. Using: Aguava
[SKIP] Touch - Aguava Remix.flac — AlbumArtist already correct.
---
Album: Turtle Jazz
AlbumArtist found in 1/1 tracks. Using: sunflwr
[SKIP] Turtle Jazz.flac — AlbumArtist already correct.
---
Album: Une Nuit À La Cour EP
AlbumArtist found in 1/1 tracks. Using: Sem Jacobs
[SKIP] Une Nuit À La Cour - Edit.flac — AlbumArtist already correct.
---
Album: Uptown Social Club
AlbumArtist found in 1/1 tracks. Using: Plage Noir
[SKIP] Cooking Sunday.flac — AlbumArtist already correct.
---
Album: Up To You
AlbumArtist found in 1/1 tracks. Using: Maple Syrup
[SKIP] Up To You.flac — AlbumArtist already correct.
---
Album: Useless, pt. 1
AlbumArtist found in 1/1 tracks. Using: Soy Aqui
[SKIP] Robin's jam.flac — AlbumArtist already correct.
---
Album: Velvet
AlbumArtist found in 1/1 tracks. Using: muscato
[SKIP] Velvet.flac — AlbumArtist already correct.
---
Album: Viceral
AlbumArtist found in 1/1 tracks. Using: dublon
[SKIP] Viceral.flac — AlbumArtist already correct.
---
Album: what i remember of san francisco
AlbumArtist found in 1/1 tracks. Using: sunflwr
[SKIP] what i remember of san francisco.flac — AlbumArtist already correct.
---
Album: When Lagos Sleeps
AlbumArtist found in 1/1 tracks. Using: SPINALL
[SKIP] Metric Rules.flac — AlbumArtist already correct.
- Done! -------------------------------------------------------------
