ORIGIN is: /home/user/Downloads/SpotiFLAC/Jazz Dance_ Jazz House _ Cocktail Bar _ Wine Bar, Bow-House
Is info above correct? [Y/n]
Answer: Proceeding...
- ALBUM FOLDER / TRACK SYNC ------------------------------------------------
[SKIP] 01 DISC already matches Album tag '01 DISC'.
[SKIP] 02 DISC already matches Album tag '02 DISC'.
[SKIP] A New High Fidelity Tripout already matches Album tag 'A New High Fidelity Tripout'.
[SKIP] A Night With Robbie Jean already matches Album tag 'A Night With Robbie Jean'.
[SKIP] Atrium already matches Album tag 'Atrium'.
[SKIP] azahar already matches Album tag 'azahar'.
[SKIP] Barcode already matches Album tag 'Barcode'.
[SKIP] Beach Party already matches Album tag 'Beach Party'.
[SKIP] bianca already matches Album tag 'bianca'.
[SKIP] Boat Party already matches Album tag 'Boat Party'.
[SKIP] Bodhi already matches Album tag 'Bodhi'.
[SKIP] calvera already matches Album tag 'calvera'.
  Canvas   Rendezvous  →  Canvas _ Rendezvous
[SKIP] Caravella EP already matches Album tag 'Caravella EP'.
[SKIP] Comme Down already matches Album tag 'Comme Down'.
[SKIP] concord already matches Album tag 'concord'.
[SKIP] Creationflow already matches Album tag 'Creationflow'.
[SKIP] Dance already matches Album tag 'Dance'.
[SKIP] Dancing in the Jazz Club already matches Album tag 'Dancing in the Jazz Club'.
[SKIP] Dazzlin' already matches Album tag 'Dazzlin''.
[SKIP] De Vere already matches Album tag 'De Vere'.
[SKIP] Do You Even Care already matches Album tag 'Do You Even Care'.
[SKIP] Dreams already matches Album tag 'Dreams'.
[SKIP] Dub Off already matches Album tag 'Dub Off'.
[SKIP] Dynamite already matches Album tag 'Dynamite'.
[SKIP] Echoes already matches Album tag 'Echoes'.
[SKIP] Echoes of Miami. already matches Album tag 'Echoes of Miami.'.
[SKIP] Enjoy (Bonus Track) already matches Album tag 'Enjoy (Bonus Track)'.
[SKIP] Everything already matches Album tag 'Everything'.
[SKIP] Feel The Groove already matches Album tag 'Feel The Groove'.
[SKIP] fiano already matches Album tag 'fiano'.
[SKIP] First Class already matches Album tag 'First Class'.
[SKIP] Flow already matches Album tag 'Flow'.
[SKIP] Forever already matches Album tag 'Forever'.
[SKIP] French Lessons already matches Album tag 'French Lessons'.
[SKIP] Furaha already matches Album tag 'Furaha'.
[SKIP] Hand On The Torch already matches Album tag 'Hand On The Torch'.
[SKIP] Hold Up already matches Album tag 'Hold Up'.
[SKIP] Ideas already matches Album tag 'Ideas'.
[SKIP] If you could be anywhere. already matches Album tag 'If you could be anywhere.'.
[SKIP] intersection already matches Album tag 'intersection'.
[SKIP] Island Flow already matches Album tag 'Island Flow'.
[SKIP] Jazz Dance already matches Album tag 'Jazz Dance'.
[SKIP] jazz is for ordinary people already matches Album tag 'jazz is for ordinary people'.
[SKIP] Jazz On Grounds already matches Album tag 'Jazz On Grounds'.
[SKIP] Jazzy Cigarette already matches Album tag 'Jazzy Cigarette'.
[SKIP] Keep It Unreal already matches Album tag 'Keep It Unreal'.
[SKIP] Keep On Wiggling already matches Album tag 'Keep On Wiggling'.
[SKIP] kosmos already matches Album tag 'kosmos'.
[SKIP] La fille du 7e étage already matches Album tag 'La fille du 7e étage'.
[SKIP] last dance already matches Album tag 'last dance'.
[SKIP] Late Checkout already matches Album tag 'Late Checkout'.
[SKIP] Le Cristal already matches Album tag 'Le Cristal'.
[SKIP] Let Loose already matches Album tag 'Let Loose'.
[SKIP] Love Language already matches Album tag 'Love Language'.
[SKIP] Lucas already matches Album tag 'Lucas'.
[SKIP] Mediterranean Sea already matches Album tag 'Mediterranean Sea'.
[SKIP] Meduza already matches Album tag 'Meduza'.
[SKIP] Midnight Drift already matches Album tag 'Midnight Drift'.
[SKIP] mirage already matches Album tag 'mirage'.
[SKIP] Missing u already matches Album tag 'Missing u'.
[SKIP] Moons already matches Album tag 'Moons'.
[SKIP] more butter already matches Album tag 'more butter'.
  Morning Sun   Caribbean Lights  →  Morning Sun _ Caribbean Lights
[SKIP] Nectar already matches Album tag 'Nectar'.
[SKIP] Nektar already matches Album tag 'Nektar'.
[SKIP] Never Stop already matches Album tag 'Never Stop'.
[SKIP] Night Vision already matches Album tag 'Night Vision'.
[SKIP] Noir already matches Album tag 'Noir'.
[SKIP] nyc in 1940 already matches Album tag 'nyc in 1940'.
[SKIP] On & On already matches Album tag 'On & On'.
[SKIP] Oyster Jam already matches Album tag 'Oyster Jam'.
[SKIP] Pascal already matches Album tag 'Pascal'.
[SKIP] Petrichor already matches Album tag 'Petrichor'.
  Prism   Resonance  →  Prism _ Resonance
[SKIP] Red Wine already matches Album tag 'Red Wine'.
[SKIP] Rendez-vous already matches Album tag 'Rendez-vous'.
[SKIP] roma to paris to jozi already matches Album tag 'roma to paris to jozi'.
[SKIP] saudade already matches Album tag 'saudade'.
[SKIP] séduction already matches Album tag 'séduction'.
[SKIP] Silky, Buttery, Smooth already matches Album tag 'Silky, Buttery, Smooth'.
[SKIP] Skylight already matches Album tag 'Skylight'.
[SKIP] Soft Love already matches Album tag 'Soft Love'.
[SKIP] Soir already matches Album tag 'Soir'.
[SKIP] Solar Winds already matches Album tag 'Solar Winds'.
[SKIP] St. Germain already matches Album tag 'St. Germain'.
[SKIP] Straight Foxin' LP already matches Album tag 'Straight Foxin' LP'.
[SKIP] Sun in an Empty Room already matches Album tag 'Sun in an Empty Room'.
[SKIP] Sunset Ballad already matches Album tag 'Sunset Ballad'.
[SKIP] Tales of Dancing Waters already matches Album tag 'Tales of Dancing Waters'.
[SKIP] Tess already matches Album tag 'Tess'.
[SKIP] @ tha jazz club already matches Album tag '@ tha jazz club'.
[SKIP] The Color of Sound already matches Album tag 'The Color of Sound'.
[SKIP] The Haunted House of House already matches Album tag 'The Haunted House of House'.
[SKIP] The Jazz is Fine already matches Album tag 'The Jazz is Fine'.
[SKIP] Touch (Aguava Remix) already matches Album tag 'Touch (Aguava Remix)'.
[SKIP] Turtle Jazz already matches Album tag 'Turtle Jazz'.
[SKIP] Une Nuit À La Cour EP already matches Album tag 'Une Nuit À La Cour EP'.
[SKIP] Uptown Social Club already matches Album tag 'Uptown Social Club'.
[SKIP] Up To You already matches Album tag 'Up To You'.
[SKIP] Useless, pt. 1 already matches Album tag 'Useless, pt. 1'.
[SKIP] Velvet already matches Album tag 'Velvet'.
[SKIP] Viceral already matches Album tag 'Viceral'.
[SKIP] what i remember of san francisco already matches Album tag 'what i remember of san francisco'.
[SKIP] When Lagos Sleeps already matches Album tag 'When Lagos Sleeps'.
- Done! -----------------------------------------------------------------
