ORIGIN is: /home/user/Downloads/SpotiFLAC/Jazz Dance_ Jazz House _ Cocktail Bar _ Wine Bar, Bow-House
- ALBUM TYPE CLASSIFIER -------------------------------------------------
  01 DISC  →  Single - 01 DISC
  02 DISC  →  Single - 02 DISC
  A New High Fidelity Tripout  →  Single - A New High Fidelity Tripout
  A Night With Robbie Jean  →  Single - A Night With Robbie Jean
  Atrium  →  Extended Play - Atrium
  azahar  →  Single - azahar
  Barcode  →  Single - Barcode
  Beach Party  →  Single - Beach Party
  bianca  →  Single - bianca
  Boat Party  →  Single - Boat Party
  Bodhi  →  Single - Bodhi
  calvera  →  Single - calvera
  Canvas _ Rendezvous  →  Single - Canvas _ Rendezvous
  Caravella EP  →  Single - Caravella EP
  Comme Down  →  Single - Comme Down
  concord  →  Single - concord
  Creationflow  →  Single - Creationflow
  Dance  →  Single - Dance
  Dancing in the Jazz Club  →  Single - Dancing in the Jazz Club
  Dazzlin'  →  Single - Dazzlin'
  De Vere  →  Single - De Vere
  Do You Even Care  →  Single - Do You Even Care
  Dreams  →  Single - Dreams
  Dub Off  →  Single - Dub Off
  Dynamite  →  Single - Dynamite
  Echoes  →  Single - Echoes
  Echoes of Miami.  →  Single - Echoes of Miami.
  Enjoy (Bonus Track)  →  Single - Enjoy (Bonus Track)
  Everything  →  Single - Everything
  Feel The Groove  →  Single - Feel The Groove
  fiano  →  Single - fiano
  First Class  →  Single - First Class
  Flow  →  Single - Flow
  Forever  →  Single - Forever
  French Lessons  →  Single - French Lessons
  Furaha  →  Single - Furaha
  Hand On The Torch  →  Single - Hand On The Torch
  Hold Up  →  Single - Hold Up
  Ideas  →  Extended Play - Ideas
  If you could be anywhere.  →  Single - If you could be anywhere.
  intersection  →  Single - intersection
  Island Flow  →  Single - Island Flow
  Jazz Dance  →  Extended Play - Jazz Dance
  jazz is for ordinary people  →  Single - jazz is for ordinary people
  Jazz On Grounds  →  Single - Jazz On Grounds
  Jazzy Cigarette  →  Single - Jazzy Cigarette
  Keep It Unreal  →  Single - Keep It Unreal
  Keep On Wiggling  →  Single - Keep On Wiggling
  kosmos  →  Single - kosmos
  La fille du 7e étage  →  Single - La fille du 7e étage
  last dance  →  Single - last dance
  Late Checkout  →  Single - Late Checkout
  Le Cristal  →  Single - Le Cristal
  Let Loose  →  Single - Let Loose
  Love Language  →  Single - Love Language
  Lucas  →  Single - Lucas
  Mediterranean Sea  →  Single - Mediterranean Sea
  Meduza  →  Single - Meduza
  Midnight Drift  →  Single - Midnight Drift
  mirage  →  Single - mirage
  Missing u  →  Single - Missing u
  Moons  →  Single - Moons
  more butter  →  Single - more butter
  Morning Sun _ Caribbean Lights  →  Single - Morning Sun _ Caribbean Lights
  Nectar  →  Single - Nectar
  Nektar  →  Single - Nektar
  Never Stop  →  Single - Never Stop
  Night Vision  →  Single - Night Vision
  Noir  →  Single - Noir
  nyc in 1940  →  Single - nyc in 1940
  On & On  →  Single - On & On
  Oyster Jam  →  Single - Oyster Jam
  Pascal  →  Single - Pascal
  Petrichor  →  Single - Petrichor
  Prism _ Resonance  →  Single - Prism _ Resonance
  Red Wine  →  Single - Red Wine
  Rendez-vous  →  Single - Rendez-vous
  roma to paris to jozi  →  Single - roma to paris to jozi
  saudade  →  Single - saudade
  séduction  →  Single - séduction
  Silky, Buttery, Smooth  →  Single - Silky, Buttery, Smooth
  Skylight  →  Single - Skylight
  Soft Love  →  Single - Soft Love
  Soir  →  Single - Soir
  Solar Winds  →  Single - Solar Winds
  St. Germain  →  Single - St. Germain
  Straight Foxin' LP  →  Single - Straight Foxin' LP
  Sun in an Empty Room  →  Single - Sun in an Empty Room
  Sunset Ballad  →  Single - Sunset Ballad
  Tales of Dancing Waters  →  Single - Tales of Dancing Waters
  Tess  →  Single - Tess
  @ tha jazz club  →  Single - @ tha jazz club
  The Color of Sound  →  Single - The Color of Sound
  The Haunted House of House  →  Single - The Haunted House of House
  The Jazz is Fine  →  Single - The Jazz is Fine
  Touch (Aguava Remix)  →  Single - Touch (Aguava Remix)
  Turtle Jazz  →  Single - Turtle Jazz
  Une Nuit À La Cour EP  →  Single - Une Nuit À La Cour EP
  Uptown Social Club  →  Single - Uptown Social Club
  Up To You  →  Single - Up To You
  Useless, pt. 1  →  Single - Useless, pt. 1
  Velvet  →  Single - Velvet
  Viceral  →  Single - Viceral
  what i remember of san francisco  →  Single - what i remember of san francisco
  When Lagos Sleeps  →  Single - When Lagos Sleeps
- Done! -----------------------------------------------------------------
- TRACKS POSITION IN ALBUM -------------------------
[ INFO ]: ABOUT TO EDIT ALBUM: Atrium
[ INFO ]: 1515 Broadway.flac RENAMED TO 4 - 1515 Broadway.flac
[ INFO ]: Blueprint.flac RENAMED TO 5 - Blueprint.flac
[ INFO ]: Multiverse.flac RENAMED TO 2 - Multiverse.flac
[ INFO ]: Agua.flac RENAMED TO 5 - Agua.flac
[ INFO ]: Cache Me If You Can.flac RENAMED TO 1 - Cache Me If You Can.flac
[ INFO ]: Somna.flac RENAMED TO 4 - Somna.flac
[ INFO ]: Breathe.flac RENAMED TO 5 - Breathe.flac
[ INFO ]: Jazz Dance.flac RENAMED TO 1 - Jazz Dance.flac
[ INFO ]: Second Wind.flac RENAMED TO 4 - Second Wind.flac
[ INFO ]: Spotlight.flac RENAMED TO 3 - Spotlight.flac
[ INFO ]: Hotspot.flac RENAMED TO 5 - Hotspot.flac
[ INFO ]: House of Jazz.flac RENAMED TO 5 - House of Jazz.flac
[ INFO ]: Earthlight.flac RENAMED TO 7 - Earthlight.flac
[ INFO ]: The Fall.flac RENAMED TO 2 - The Fall.flac
[ INFO ]: azahar.flac RENAMED TO 1 - azahar.flac
[ INFO ]: Barcode.flac RENAMED TO 1 - Barcode.flac
[ INFO ]: Beach Party.flac RENAMED TO 1 - Beach Party.flac
[ INFO ]: bianca.flac RENAMED TO 1 - bianca.flac
[ INFO ]: Boat Party.flac RENAMED TO 1 - Boat Party.flac
[ INFO ]: Bodhi.flac RENAMED TO 1 - Bodhi.flac
[ INFO ]: calvera.flac RENAMED TO 1 - calvera.flac
[ INFO ]: Rendezvous.flac RENAMED TO 2 - Rendezvous.flac
[ INFO ]: Caravella - Edit.flac RENAMED TO 1 - Caravella - Edit.flac
[ INFO ]: Comme Down.flac RENAMED TO 1 - Comme Down.flac
[ INFO ]: concord.flac RENAMED TO 1 - concord.flac
[ INFO ]: Creationflow.flac RENAMED TO 1 - Creationflow.flac
[ INFO ]: Dance.flac RENAMED TO 1 - Dance.flac
[ INFO ]: Dancing in the Jazz Club.flac RENAMED TO 1 - Dancing in the Jazz Club.flac
[ INFO ]: Dazzlin'.flac RENAMED TO 1 - Dazzlin'.flac
[ INFO ]: De Vere.flac RENAMED TO 1 - De Vere.flac
[ INFO ]: Do You Even Care.flac RENAMED TO 1 - Do You Even Care.flac
[ INFO ]: Dreams.flac RENAMED TO 1 - Dreams.flac
[ INFO ]: Dub Off.flac RENAMED TO 1 - Dub Off.flac
[ INFO ]: Dynamite.flac RENAMED TO 1 - Dynamite.flac
[ INFO ]: Echoes.flac RENAMED TO 1 - Echoes.flac
[ INFO ]: Take your time.flac RENAMED TO 5 - Take your time.flac
[ INFO ]: Enjoy - Bonus Track.flac RENAMED TO 1 - Enjoy - Bonus Track.flac
[ INFO ]: Everything.flac RENAMED TO 1 - Everything.flac
[ INFO ]: Feel The Groove.flac RENAMED TO 1 - Feel The Groove.flac
[ INFO ]: fiano.flac RENAMED TO 1 - fiano.flac
[ INFO ]: merlot.flac RENAMED TO 3 - merlot.flac
[ INFO ]: First Class.flac RENAMED TO 1 - First Class.flac
[ INFO ]: Flow.flac RENAMED TO 1 - Flow.flac
[ INFO ]: Forever.flac RENAMED TO 1 - Forever.flac
[ INFO ]: Faubourg Saint-Denis.flac RENAMED TO 9 - Faubourg Saint-Denis.flac
[ INFO ]: Untitled.flac RENAMED TO 6 - Untitled.flac
[ INFO ]: Cantaloop (Flip Fantasia).flac RENAMED TO 1 - Cantaloop (Flip Fantasia).flac
[ INFO ]: Hold Up.flac RENAMED TO 1 - Hold Up.flac
[ INFO ]: If you could be anywhere.flac RENAMED TO 1 - If you could be anywhere.flac
[ INFO ]: what we think about.flac RENAMED TO 2 - what we think about.flac
[ INFO ]: Island Flow.flac RENAMED TO 1 - Island Flow.flac
[ INFO ]: jazz is for ordinary people.flac RENAMED TO 1 - jazz is for ordinary people.flac
[ INFO ]: Jazz On Grounds.flac RENAMED TO 1 - Jazz On Grounds.flac
[ INFO ]: Jazzy Cigarette.flac RENAMED TO 1 - Jazzy Cigarette.flac
[ INFO ]: Get A Move On!.flac RENAMED TO 3 - Get A Move On!.flac
[ INFO ]: Keep On Wiggling.flac RENAMED TO 1 - Keep On Wiggling.flac
[ INFO ]: passport picture.flac RENAMED TO 3 - passport picture.flac
[ INFO ]: La fille du 7e étage.flac RENAMED TO 1 - La fille du 7e étage.flac
[ INFO ]: last dance.flac RENAMED TO 1 - last dance.flac
[ INFO ]: Late Checkout.flac RENAMED TO 1 - Late Checkout.flac
[ INFO ]: Le Cristal.flac RENAMED TO 1 - Le Cristal.flac
[ INFO ]: Let Loose.flac RENAMED TO 1 - Let Loose.flac
[ INFO ]: Love Language.flac RENAMED TO 1 - Love Language.flac
[ INFO ]: Easy.flac RENAMED TO 13 - Easy.flac
[ INFO ]: Mediterranean Sea.flac RENAMED TO 1 - Mediterranean Sea.flac
[ INFO ]: Meduza.flac RENAMED TO 1 - Meduza.flac
[ INFO ]: Midnight Drift.flac RENAMED TO 1 - Midnight Drift.flac
[ INFO ]: mirage.flac RENAMED TO 1 - mirage.flac
[ INFO ]: Missing u.flac RENAMED TO 1 - Missing u.flac
[ INFO ]: Moons.flac RENAMED TO 1 - Moons.flac
[ INFO ]: more butter.flac RENAMED TO 1 - more butter.flac
[ INFO ]: Morning Sun.flac RENAMED TO 1 - Morning Sun.flac
[ INFO ]: CPH.flac RENAMED TO 4 - CPH.flac
[ INFO ]: Nektar.flac RENAMED TO 1 - Nektar.flac
[ INFO ]: Never Stop.flac RENAMED TO 1 - Never Stop.flac
[ INFO ]: Night Vision.flac RENAMED TO 1 - Night Vision.flac
[ INFO ]: Noir.flac RENAMED TO 1 - Noir.flac
[ INFO ]: nyc in 1940.flac RENAMED TO 1 - nyc in 1940.flac
[ INFO ]: On & On.flac RENAMED TO 1 - On & On.flac
[ INFO ]: Oyster Jam.flac RENAMED TO 1 - Oyster Jam.flac
[ INFO ]: Pascal.flac RENAMED TO 1 - Pascal.flac
[ INFO ]: Petrichor.flac RENAMED TO 1 - Petrichor.flac
[ INFO ]: Prism.flac RENAMED TO 1 - Prism.flac
[ INFO ]: Red Wine.flac RENAMED TO 1 - Red Wine.flac
[ INFO ]: Rendez-vous.flac RENAMED TO 1 - Rendez-vous.flac
[ INFO ]: roma to paris to jozi.flac RENAMED TO 1 - roma to paris to jozi.flac
[ INFO ]: saudade.flac RENAMED TO 1 - saudade.flac
[ INFO ]: séduction.flac RENAMED TO 1 - séduction.flac
[ INFO ]: Silky, Buttery, Smooth.flac RENAMED TO 1 - Silky, Buttery, Smooth.flac
[ INFO ]: Skylight.flac RENAMED TO 1 - Skylight.flac
[ INFO ]: Soft Love.flac RENAMED TO 1 - Soft Love.flac
[ INFO ]: Soir.flac RENAMED TO 1 - Soir.flac
[ INFO ]: Solar Winds.flac RENAMED TO 1 - Solar Winds.flac
[ INFO ]: St. Germain.flac RENAMED TO 1 - St. Germain.flac
[ INFO ]: All I Do.flac RENAMED TO 5 - All I Do.flac
[ INFO ]: Sun in an Empty Room.flac RENAMED TO 1 - Sun in an Empty Room.flac
[ INFO ]: Sunset Ballad.flac RENAMED TO 1 - Sunset Ballad.flac
[ INFO ]: Quali Kalimba.flac RENAMED TO 2 - Quali Kalimba.flac
[ INFO ]: Tess.flac RENAMED TO 1 - Tess.flac
[ INFO ]: @ tha jazz club.flac RENAMED TO 1 - @ tha jazz club.flac
[ INFO ]: A Day In Zanzibar.flac RENAMED TO 1 - A Day In Zanzibar.flac
[ INFO ]: Good Intentions - LP Mix.flac RENAMED TO 8 - Good Intentions - LP Mix.flac
[ INFO ]: The Jazz is Fine.flac RENAMED TO 1 - The Jazz is Fine.flac
[ INFO ]: Touch - Aguava Remix.flac RENAMED TO 1 - Touch - Aguava Remix.flac
[ INFO ]: Turtle Jazz.flac RENAMED TO 1 - Turtle Jazz.flac
[ INFO ]: Une Nuit À La Cour - Edit.flac RENAMED TO 4 - Une Nuit À La Cour - Edit.flac
[ INFO ]: Cooking Sunday.flac RENAMED TO 1 - Cooking Sunday.flac
[ INFO ]: Up To You.flac RENAMED TO 1 - Up To You.flac
[ INFO ]: Robin's jam.flac RENAMED TO 1 - Robin's jam.flac
[ INFO ]: Velvet.flac RENAMED TO 1 - Velvet.flac
[ INFO ]: Viceral.flac RENAMED TO 1 - Viceral.flac
[ INFO ]: what i remember of san francisco.flac RENAMED TO 1 - what i remember of san francisco.flac
[ INFO ]: Metric Rules.flac RENAMED TO 3 - Metric Rules.flac
- Done! -------------------------------------------------------
- ARTIST STRUCTURE ORGANIZER --------------------------------------------
  Extended Play - Atrium  →  Moedani/Extended Play - Atrium
  Extended Play - Ideas  →  Maple Syrup/Extended Play - Ideas
  Extended Play - Jazz Dance  →  Red Astro/Extended Play - Jazz Dance
  Single - 01 DISC  →  TABLE/Single - 01 DISC
  Single - 02 DISC  →  TABLE/Single - 02 DISC
  Single - A New High Fidelity Tripout  →  Stardelay/Single - A New High Fidelity Tripout
  Single - A Night With Robbie Jean  →  Soul Groove (UK)/Single - A Night With Robbie Jean
  Single - azahar  →  HOLIDAY ORANGE/Single - azahar
  Single - Barcode  →  Bård Berg/Single - Barcode
  Single - Beach Party  →  Erwo/Single - Beach Party
  Single - bianca  →  Gaston/Single - bianca
  Single - Boat Party  →  Ajmw/Single - Boat Party
  Single - Bodhi  →  Morakle/Single - Bodhi
  Single - calvera  →  fyodor/Single - calvera
  Single - Canvas _ Rendezvous  →  Zachary Berns/Single - Canvas _ Rendezvous
  Single - Caravella EP  →  Gavinco/Single - Caravella EP
  Single - Comme Down  →  STRNGE/Single - Comme Down
  Single - concord  →  the wine is ok/Single - concord
  Single - Creationflow  →  Zachary Berns/Single - Creationflow
  Single - Dance  →  No End/Single - Dance
  Single - Dancing in the Jazz Club  →  Erwo/Single - Dancing in the Jazz Club
  Single - Dazzlin'  →  Alexander IV/Single - Dazzlin'
  Single - De Vere  →  Mack Walker/Single - De Vere
  Single - Do You Even Care  →  gabriel/Single - Do You Even Care
  Single - Dreams  →  Tour-Maubourg/Single - Dreams
  Single - Dub Off  →  Moedani/Single - Dub Off
  Single - Dynamite  →  Teuteu/Single - Dynamite
  Single - Echoes  →  MARINI/Single - Echoes
  Single - Echoes of Miami.  →  Bolden./Single - Echoes of Miami.
  Single - Enjoy (Bonus Track)  →  Bellamy/Single - Enjoy (Bonus Track)
  Single - Everything  →  Le VF/Single - Everything
  Single - Feel The Groove  →  Sébastien Lintz/Single - Feel The Groove
  Single - fiano  →  the wine is ok/Single - fiano
  Single - First Class  →  Twill Street/Single - First Class
  Single - Flow  →  Red Astro/Single - Flow
  Single - Forever  →  Gaston/Single - Forever
  Single - French Lessons  →  Jeff The Fool/Single - French Lessons
  Single - Furaha  →  NATE08/Single - Furaha
  Single - Hand On The Torch  →  Us3/Single - Hand On The Torch
  Single - Hold Up  →  NATE08/Single - Hold Up
  Single - If you could be anywhere.  →  Bolden./Single - If you could be anywhere.
  Single - intersection  →  fyodor/Single - intersection
  Single - Island Flow  →  Nebulae Waves/Single - Island Flow
  Single - jazz is for ordinary people  →  berlioz/Single - jazz is for ordinary people
  Single - Jazz On Grounds  →  Plage Noir/Single - Jazz On Grounds
  Single - Jazzy Cigarette  →  Copenhagen untd./Single - Jazzy Cigarette
  Single - Keep It Unreal  →  Mr. Scruff/Single - Keep It Unreal
  Single - Keep On Wiggling  →  Viggo/Single - Keep On Wiggling
  Single - kosmos  →  KALLITECHNIS/Single - kosmos
  Single - La fille du 7e étage  →  St-Amour/Single - La fille du 7e étage
  Single - last dance  →  signac/Single - last dance
  Single - Late Checkout  →  Second Sided/Single - Late Checkout
  Single - Le Cristal  →  Maple Syrup/Single - Le Cristal
  Single - Let Loose  →  Red Astro/Single - Let Loose
  Single - Love Language  →  Chaos In The CBD/Single - Love Language
  Single - Lucas  →  Cody Currie/Single - Lucas
  Single - Mediterranean Sea  →  Plage Noir/Single - Mediterranean Sea
  Single - Meduza  →  Jazzbois/Single - Meduza
  Single - Midnight Drift  →  būgs/Single - Midnight Drift
  Single - mirage  →  morisan/Single - mirage
  Single - Missing u  →  Mack Walker/Single - Missing u
  Single - Moons  →  TABLE/Single - Moons
  Single - more butter  →  Soul Legend/Single - more butter
  Single - Morning Sun _ Caribbean Lights  →  Terrazze/Single - Morning Sun _ Caribbean Lights
  Single - Nectar  →  dublon/Single - Nectar
  Single - Nektar  →  Plage Noir/Single - Nektar
  Single - Never Stop  →  Erwo/Single - Never Stop
  Single - Night Vision  →  Jason Hersco/Single - Night Vision
  Single - Noir  →  house red/Single - Noir
  Single - nyc in 1940  →  berlioz/Single - nyc in 1940
  Single - On & On  →  bari/Single - On & On
  Single - Oyster Jam  →  dublon/Single - Oyster Jam
  Single - Pascal  →  afour/Single - Pascal
  Single - Petrichor  →  Red Astro/Single - Petrichor
  Single - Prism _ Resonance  →  Zachary Berns/Single - Prism _ Resonance
  Single - Red Wine  →  Can U/Single - Red Wine
  Single - Rendez-vous  →  Cartizze/Single - Rendez-vous
  Single - roma to paris to jozi  →  MiQu/Single - roma to paris to jozi
  Single - saudade  →  signac/Single - saudade
  Single - séduction  →  Ralph Felix/Single - séduction
  Single - Silky, Buttery, Smooth  →  Kareem Ali/Single - Silky, Buttery, Smooth
  Single - Skylight  →  Twill Street/Single - Skylight
  Single - Soft Love  →  Kcik/Single - Soft Love
  Single - Soir  →  Lumiere/Single - Soir
  Single - Solar Winds  →  Maple Syrup/Single - Solar Winds
  Single - St. Germain  →  Nebulae Waves/Single - St. Germain
  Single - Straight Foxin' LP  →  Retromigration/Single - Straight Foxin' LP
  Single - Sun in an Empty Room  →  cezanne/Single - Sun in an Empty Room
  Single - Sunset Ballad  →  Bellaire/Single - Sunset Ballad
  Single - Tales of Dancing Waters  →  S-Pazz/Single - Tales of Dancing Waters
  Single - Tess  →  Teuteu/Single - Tess
  Single - @ tha jazz club  →  geneva/Single - @ tha jazz club
  Single - The Color of Sound  →  Kareem Ali/Single - The Color of Sound
  Single - The Haunted House of House  →  Session Victim/Single - The Haunted House of House
  Single - The Jazz is Fine  →  Nebulae Waves/Single - The Jazz is Fine
  Single - Touch (Aguava Remix)  →  Adam Swim/Single - Touch (Aguava Remix)
  Single - Turtle Jazz  →  dublon/Single - Turtle Jazz
  Single - Une Nuit À La Cour EP  →  Sem Jacobs/Single - Une Nuit À La Cour EP
  Single - Uptown Social Club  →  Nebulae Waves/Single - Uptown Social Club
  Single - Up To You  →  Maple Syrup/Single - Up To You
  Single - Useless, pt. 1  →  Soy Aqui/Single - Useless, pt. 1
  Single - Velvet  →  Vaerk/Single - Velvet
  Single - Viceral  →  dublon/Single - Viceral
  Single - what i remember of san francisco  →  sunflwr/Single - what i remember of san francisco
  Single - When Lagos Sleeps  →  SPINALL/Single - When Lagos Sleeps
- Done! -----------------------------------------------------------------
